Archive member included to satisfy reference by file (symbol)

c:/program files (x86)/gnu arm embedded toolchain/10 2021.10/bin/../lib/gcc/arm-none-eabi/10.3.1/../../../../arm-none-eabi/lib/thumb/v7e-m+fp/hard\libc_nano.a(lib_a-atof.o)
                              C:\Users\Luke\AppData\Local\Temp\ccbAPZIu.o (atof)
c:/program files (x86)/gnu arm embedded toolchain/10 2021.10/bin/../lib/gcc/arm-none-eabi/10.3.1/../../../../arm-none-eabi/lib/thumb/v7e-m+fp/hard\libc_nano.a(lib_a-init.o)
                              C:\Users\Luke\AppData\Local\Temp\cc0sMHPB.o (__libc_init_array)
c:/program files (x86)/gnu arm embedded toolchain/10 2021.10/bin/../lib/gcc/arm-none-eabi/10.3.1/../../../../arm-none-eabi/lib/thumb/v7e-m+fp/hard\libc_nano.a(lib_a-malloc.o)
                              C:\Users\Luke\AppData\Local\Temp\ccFmfd1J.o (malloc)
c:/program files (x86)/gnu arm embedded toolchain/10 2021.10/bin/../lib/gcc/arm-none-eabi/10.3.1/../../../../arm-none-eabi/lib/thumb/v7e-m+fp/hard\libc_nano.a(lib_a-nano-freer.o)
                              c:/program files (x86)/gnu arm embedded toolchain/10 2021.10/bin/../lib/gcc/arm-none-eabi/10.3.1/../../../../arm-none-eabi/lib/thumb/v7e-m+fp/hard\libc_nano.a(lib_a-malloc.o) (_free_r)
c:/program files (x86)/gnu arm embedded toolchain/10 2021.10/bin/../lib/gcc/arm-none-eabi/10.3.1/../../../../arm-none-eabi/lib/thumb/v7e-m+fp/hard\libc_nano.a(lib_a-nano-mallocr.o)
                              c:/program files (x86)/gnu arm embedded toolchain/10 2021.10/bin/../lib/gcc/arm-none-eabi/10.3.1/../../../../arm-none-eabi/lib/thumb/v7e-m+fp/hard\libc_nano.a(lib_a-malloc.o) (_malloc_r)
c:/program files (x86)/gnu arm embedded toolchain/10 2021.10/bin/../lib/gcc/arm-none-eabi/10.3.1/../../../../arm-none-eabi/lib/thumb/v7e-m+fp/hard\libc_nano.a(lib_a-printf.o)
                              C:\Users\Luke\AppData\Local\Temp\ccbAPZIu.o (printf)
c:/program files (x86)/gnu arm embedded toolchain/10 2021.10/bin/../lib/gcc/arm-none-eabi/10.3.1/../../../../arm-none-eabi/lib/thumb/v7e-m+fp/hard\libc_nano.a(lib_a-puts.o)
                              C:\Users\Luke\AppData\Local\Temp\ccFmfd1J.o (puts)
c:/program files (x86)/gnu arm embedded toolchain/10 2021.10/bin/../lib/gcc/arm-none-eabi/10.3.1/../../../../arm-none-eabi/lib/thumb/v7e-m+fp/hard\libc_nano.a(lib_a-sbrkr.o)
                              c:/program files (x86)/gnu arm embedded toolchain/10 2021.10/bin/../lib/gcc/arm-none-eabi/10.3.1/../../../../arm-none-eabi/lib/thumb/v7e-m+fp/hard\libc_nano.a(lib_a-nano-mallocr.o) (_sbrk_r)
c:/program files (x86)/gnu arm embedded toolchain/10 2021.10/bin/../lib/gcc/arm-none-eabi/10.3.1/../../../../arm-none-eabi/lib/thumb/v7e-m+fp/hard\libc_nano.a(lib_a-strncmp.o)
                              C:\Users\Luke\AppData\Local\Temp\ccFmfd1J.o (strncmp)
c:/program files (x86)/gnu arm embedded toolchain/10 2021.10/bin/../lib/gcc/arm-none-eabi/10.3.1/../../../../arm-none-eabi/lib/thumb/v7e-m+fp/hard\libc_nano.a(lib_a-strncpy.o)
                              C:\Users\Luke\AppData\Local\Temp\ccFmfd1J.o (strncpy)
c:/program files (x86)/gnu arm embedded toolchain/10 2021.10/bin/../lib/gcc/arm-none-eabi/10.3.1/../../../../arm-none-eabi/lib/thumb/v7e-m+fp/hard\libc_nano.a(lib_a-strtod.o)
                              c:/program files (x86)/gnu arm embedded toolchain/10 2021.10/bin/../lib/gcc/arm-none-eabi/10.3.1/../../../../arm-none-eabi/lib/thumb/v7e-m+fp/hard\libc_nano.a(lib_a-atof.o) (strtod)
c:/program files (x86)/gnu arm embedded toolchain/10 2021.10/bin/../lib/gcc/arm-none-eabi/10.3.1/../../../../arm-none-eabi/lib/thumb/v7e-m+fp/hard\libc_nano.a(lib_a-wbuf.o)
                              c:/program files (x86)/gnu arm embedded toolchain/10 2021.10/bin/../lib/gcc/arm-none-eabi/10.3.1/../../../../arm-none-eabi/lib/thumb/v7e-m+fp/hard\libc_nano.a(lib_a-puts.o) (__swbuf_r)
c:/program files (x86)/gnu arm embedded toolchain/10 2021.10/bin/../lib/gcc/arm-none-eabi/10.3.1/../../../../arm-none-eabi/lib/thumb/v7e-m+fp/hard\libc_nano.a(lib_a-wsetup.o)
                              c:/program files (x86)/gnu arm embedded toolchain/10 2021.10/bin/../lib/gcc/arm-none-eabi/10.3.1/../../../../arm-none-eabi/lib/thumb/v7e-m+fp/hard\libc_nano.a(lib_a-puts.o) (__swsetup_r)
c:/program files (x86)/gnu arm embedded toolchain/10 2021.10/bin/../lib/gcc/arm-none-eabi/10.3.1/../../../../arm-none-eabi/lib/thumb/v7e-m+fp/hard\libc_nano.a(lib_a-fflush.o)
                              c:/program files (x86)/gnu arm embedded toolchain/10 2021.10/bin/../lib/gcc/arm-none-eabi/10.3.1/../../../../arm-none-eabi/lib/thumb/v7e-m+fp/hard\libc_nano.a(lib_a-wbuf.o) (_fflush_r)
c:/program files (x86)/gnu arm embedded toolchain/10 2021.10/bin/../lib/gcc/arm-none-eabi/10.3.1/../../../../arm-none-eabi/lib/thumb/v7e-m+fp/hard\libc_nano.a(lib_a-findfp.o)
[...]
Memory Configuration

Name             Origin             Length             Attributes
flash            0x08000000         0x00040000         xr
sram             0x20000000         0x00010000         xrw
*default*        0x00000000         0xffffffff

Linker script and memory map

LOAD C:\Users\Luke\AppData\Local\Temp\ccbAPZIu.o
LOAD C:\Users\Luke\AppData\Local\Temp\ccKL91ZW.o
LOAD C:\Users\Luke\AppData\Local\Temp\ccFmfd1J.o
LOAD C:\Users\Luke\AppData\Local\Temp\cc0sMHPB.o
LOAD c:/program files (x86)/gnu arm embedded toolchain/10 2021.10/bin/../lib/gcc/arm-none-eabi/10.3.1/../../../../arm-none-eabi/lib/thumb/v7e-m+fp/hard\libc_nano.a
LOAD c:/program files (x86)/gnu arm embedded toolchain/10 2021.10/bin/../lib/gcc/arm-none-eabi/10.3.1/thumb/v7e-m+fp/hard\libgcc.a
                0x20010000                _estack = (ORIGIN (sram) + LENGTH (sram))
                0x08040000                _eflash = (ORIGIN (flash) + LENGTH (flash))

.vectors        0x08000000      0x18c
 *(.isr_vector)
 .isr_vector    0x08000000      0x18c C:\Users\Luke\AppData\Local\Temp\cc0sMHPB.o
                0x08000000                g_pfnVectors

.text           0x08000190     0x3e54
 *(.text* .text.*)
 .text.gpio_init.constprop.0
                0x08000190       0x74 C:\Users\Luke\AppData\Local\Temp\ccbAPZIu.o
 .text.uart_init.constprop.0.isra.0
                0x08000204       0x64 C:\Users\Luke\AppData\Local\Temp\ccbAPZIu.o
 .text.SystemInit
                0x08000268       0xcc C:\Users\Luke\AppData\Local\Temp\ccbAPZIu.o
                0x08000268                SystemInit
 .text.SysTick_Handler
                0x08000334       0x18 C:\Users\Luke\AppData\Local\Temp\ccbAPZIu.o
                0x08000334                SysTick_Handler
 .text.USART1_IRQHandler
                0x0800034c        0x4 C:\Users\Luke\AppData\Local\Temp\ccbAPZIu.o
                0x0800034c                USART1_IRQHandler
 .text.startup.main
                0x08000350       0xe8 C:\Users\Luke\AppData\Local\Temp\ccbAPZIu.o
                0x08000350                main
 .text._fstat   0x08000438       0x12 C:\Users\Luke\AppData\Local\Temp\ccKL91ZW.o
                0x08000438                _fstat
 *fill*         0x0800044a        0x2 
 .text._sbrk    0x0800044c       0x1c C:\Users\Luke\AppData\Local\Temp\ccKL91ZW.o
                0x0800044c                _sbrk
 .text._close   0x08000468        0x6 C:\Users\Luke\AppData\Local\Temp\ccKL91ZW.o
                0x08000468                _close
 .text._isatty  0x0800046e        0x4 C:\Users\Luke\AppData\Local\Temp\ccKL91ZW.o
                0x0800046e                _isatty
 .text._lseek   0x08000472        0x4 C:\Users\Luke\AppData\Local\Temp\ccKL91ZW.o
                0x08000472                _lseek
 .text._exit    0x08000476        0x4 C:\Users\Luke\AppData\Local\Temp\ccKL91ZW.o
                0x08000476                _exit
 .text._kill    0x0800047a        0x2 C:\Users\Luke\AppData\Local\Temp\ccKL91ZW.o
                0x0800047a                _kill
 .text._getpid  0x0800047c        0x6 C:\Users\Luke\AppData\Local\Temp\ccKL91ZW.o
                0x0800047c                _getpid
 *fill*         0x08000482        0x2 
 .text._write   0x08000484       0x30 C:\Users\Luke\AppData\Local\Temp\ccKL91ZW.o
                0x08000484                _write
 .text._read    0x080004b4        0x6 C:\Users\Luke\AppData\Local\Temp\ccKL91ZW.o
                0x080004b4                _read
 .text._init    0x080004ba        0x2 C:\Users\Luke\AppData\Local\Temp\ccKL91ZW.o
                0x080004ba                _init
 .text.gps_update_buffer
                0x080004bc       0x30 C:\Users\Luke\AppData\Local\Temp\ccFmfd1J.o
                0x080004bc                gps_update_buffer
 .text.gps_is_new_data
                0x080004ec       0x10 C:\Users\Luke\AppData\Local\Temp\ccFmfd1J.o
                0x080004ec                gps_is_new_data
 .text.gps_get_time
                0x080004fc        0x8 C:\Users\Luke\AppData\Local\Temp\ccFmfd1J.o
                0x080004fc                gps_get_time
 .text.update_gps_data
                0x08000504      0x15c C:\Users\Luke\AppData\Local\Temp\ccFmfd1J.o
                0x08000504                update_gps_data
 .text.Reset_Handler
                0x08000660       0x50 C:\Users\Luke\AppData\Local\Temp\cc0sMHPB.o
                0x08000660                Reset_Handler
 .text.Default_Handler
                0x080006b0        0x2 C:\Users\Luke\AppData\Local\Temp\cc0sMHPB.o
                0x080006b0                RTC_Alarm_IRQHandler
                0x080006b0                EXTI2_IRQHandler
                0x080006b0                DebugMon_Handler
                0x080006b0                TIM1_CC_IRQHandler
                0x080006b0                TSC_IRQHandler
                0x080006b0                HardFault_Handler
                0x080006b0                TAMP_STAMP_IRQHandler
                0x080006b0                PendSV_Handler
                0x080006b0                NMI_Handler
                0x080006b0                EXTI3_IRQHandler
                0x080006b0                LPTIM2_IRQHandler
                0x080006b0                I2C3_ER_IRQHandler
                0x080006b0                EXTI0_IRQHandler
                0x080006b0                CAN1_RX0_IRQHandler
                0x080006b0                FPU_IRQHandler
                0x080006b0                TIM1_UP_TIM16_IRQHandler
                0x080006b0                UsageFault_Handler
                0x080006b0                SPI1_IRQHandler
                0x080006b0                TIM6_DAC_IRQHandler
                0x080006b0                DMA2_Channel2_IRQHandler
                0x080006b0                DMA1_Channel4_IRQHandler
                0x080006b0                ADC1_IRQHandler
                0x080006b0                DMA1_Channel7_IRQHandler
                0x080006b0                CAN1_RX1_IRQHandler
                0x080006b0                DMA2_Channel1_IRQHandler
                0x080006b0                QUADSPI_IRQHandler
                0x080006b0                I2C1_EV_IRQHandler
                0x080006b0                DMA1_Channel6_IRQHandler
                0x080006b0                DMA2_Channel4_IRQHandler
                0x080006b0                RCC_IRQHandler
                0x080006b0                TIM1_TRG_COM_IRQHandler
                0x080006b0                DMA1_Channel1_IRQHandler
                0x080006b0                Default_Handler
                0x080006b0                DMA2_Channel7_IRQHandler
                0x080006b0                EXTI15_10_IRQHandler
                0x080006b0                TIM7_IRQHandler
                0x080006b0                I2C3_EV_IRQHandler
                0x080006b0                USB_IRQHandler
                0x080006b0                EXTI9_5_IRQHandler
                0x080006b0                RTC_WKUP_IRQHandler
                0x080006b0                PVD_PVM_IRQHandler
                0x080006b0                MemManage_Handler
                0x080006b0                CAN1_TX_IRQHandler
                0x080006b0                SVC_Handler
                0x080006b0                DMA2_Channel5_IRQHandler
                0x080006b0                CRS_IRQHandler
                0x080006b0                DMA1_Channel5_IRQHandler
                0x080006b0                EXTI4_IRQHandler
                0x080006b0                RNG_IRQHandler
                0x080006b0                DMA1_Channel3_IRQHandler
                0x080006b0                COMP_IRQHandler
                0x080006b0                WWDG_IRQHandler
                0x080006b0                LPUART1_IRQHandler
                0x080006b0                DMA2_Channel6_IRQHandler
                0x080006b0                TIM2_IRQHandler
                0x080006b0                EXTI1_IRQHandler
                0x080006b0                USART2_IRQHandler
                0x080006b0                DMA1_Channel2_IRQHandler
                0x080006b0                CAN1_SCE_IRQHandler
                0x080006b0                FLASH_IRQHandler
                0x080006b0                BusFault_Handler
                0x080006b0                SPI3_IRQHandler
                0x080006b0                I2C1_ER_IRQHandler
                0x080006b0                SWPMI1_IRQHandler
                0x080006b0                LPTIM1_IRQHandler
                0x080006b0                SAI1_IRQHandler
                0x080006b0                DMA2_Channel3_IRQHandler
                0x080006b0                TIM1_BRK_TIM15_IRQHandler
 .text.atof     0x080006b2        0x6 c:/program files (x86)/gnu arm embedded toolchain/10 2021.10/bin/../lib/gcc/arm-none-eabi/10.3.1/../../../../arm-none-eabi/lib/thumb/v7e-m+fp/hard\libc_nano.a(lib_a-atof.o)
                0x080006b2                atof
 .text.__libc_init_array
                0x080006b8       0x48 c:/program files (x86)/gnu arm embedded toolchain/10 2021.10/bin/../lib/gcc/arm-none-eabi/10.3.1/../../../../arm-none-eabi/lib/thumb/v7e-m+fp/hard\libc_nano.a(lib_a-init.o)
                0x080006b8                __libc_init_array
 .text.malloc   0x08000700       0x10 c:/program files (x86)/gnu arm embedded toolchain/10 2021.10/bin/../lib/gcc/arm-none-eabi/10.3.1/../../../../arm-none-eabi/lib/thumb/v7e-m+fp/hard\libc_nano.a(lib_a-malloc.o)
                0x08000700                malloc
 .text.free     0x08000710       0x10 c:/program files (x86)/gnu arm embedded toolchain/10 2021.10/bin/../lib/gcc/arm-none-eabi/10.3.1/../../../../arm-none-eabi/lib/thumb/v7e-m+fp/hard\libc_nano.a(lib_a-malloc.o)
                0x08000710                free
 .text._free_r  0x08000720       0x98 c:/program files (x86)/gnu arm embedded toolchain/10 2021.10/bin/../lib/gcc/arm-none-eabi/10.3.1/../../../../arm-none-eabi/lib/thumb/v7e-m+fp/hard\libc_nano.a(lib_a-nano-freer.o)
                0x08000720                _free_r
 .text.sbrk_aligned
                0x080007b8       0x40 c:/program files (x86)/gnu arm embedded toolchain/10 2021.10/bin/../lib/gcc/arm-none-eabi/10.3.1/../../../../arm-none-eabi/lib/thumb/v7e-m+fp/hard\libc_nano.a(lib_a-nano-mallocr.o)
 .text._malloc_r
                0x080007f8       0xe8 c:/program files (x86)/gnu arm embedded toolchain/10 2021.10/bin/../lib/gcc/arm-none-eabi/10.3.1/../../../../arm-none-eabi/lib/thumb/v7e-m+fp/hard\libc_nano.a(lib_a-nano-mallocr.o)
                0x080007f8                _malloc_r
 .text.printf   0x080008e0       0x30 c:/program files (x86)/gnu arm embedded toolchain/10 2021.10/bin/../lib/gcc/arm-none-eabi/10.3.1/../../../../arm-none-eabi/lib/thumb/v7e-m+fp/hard\libc_nano.a(lib_a-printf.o)
                0x080008e0                iprintf
                0x080008e0                printf
 .text._puts_r  0x08000910       0xdc c:/program files (x86)/gnu arm embedded toolchain/10 2021.10/bin/../lib/gcc/arm-none-eabi/10.3.1/../../../../arm-none-eabi/lib/thumb/v7e-m+fp/hard\libc_nano.a(lib_a-puts.o)
                0x08000910                _puts_r
 .text.puts     0x080009ec       0x10 c:/program files (x86)/gnu arm embedded toolchain/10 2021.10/bin/../lib/gcc/arm-none-eabi/10.3.1/../../../../arm-none-eabi/lib/thumb/v7e-m+fp/hard\libc_nano.a(lib_a-puts.o)
                0x080009ec                puts
 .text._sbrk_r  0x080009fc       0x20 c:/program files (x86)/gnu arm embedded toolchain/10 2021.10/bin/../lib/gcc/arm-none-eabi/10.3.1/../../../../arm-none-eabi/lib/thumb/v7e-m+fp/hard\libc_nano.a(lib_a-sbrkr.o)
                0x080009fc                _sbrk_r
 .text.strncmp  0x08000a1c       0x28 c:/program files (x86)/gnu arm embedded toolchain/10 2021.10/bin/../lib/gcc/arm-none-eabi/10.3.1/../../../../arm-none-eabi/lib/thumb/v7e-m+fp/hard\libc_nano.a(lib_a-strncmp.o)
                0x08000a1c                strncmp
 .text.strncpy  0x08000a44       0x26 c:/program files (x86)/gnu arm embedded toolchain/10 2021.10/bin/../lib/gcc/arm-none-eabi/10.3.1/../../../../arm-none-eabi/lib/thumb/v7e-m+fp/hard\libc_nano.a(lib_a-strncpy.o)
                0x08000a44                strncpy
 .text.sulp     0x08000a6a       0x38 c:/program files (x86)/gnu arm embedded toolchain/10 2021.10/bin/../lib/gcc/arm-none-eabi/10.3.1/../../../../arm-none-eabi/lib/thumb/v7e-m+fp/hard\libc_nano.a(lib_a-strtod.o)
 *fill*         0x08000aa2        0x6 
 .text._strtod_l
                0x08000aa8      0xc0c c:/program files (x86)/gnu arm embedded toolchain/10 2021.10/bin/../lib/gcc/arm-none-eabi/10.3.1/../../../../arm-none-eabi/lib/thumb/v7e-m+fp/hard\libc_nano.a(lib_a-strtod.o)
                0x08000aa8                _strtod_l
 .text.strtod   0x080016b4       0x18 c:/program files (x86)/gnu arm embedded toolchain/10 2021.10/bin/../lib/gcc/arm-none-eabi/10.3.1/../../../../arm-none-eabi/lib/thumb/v7e-m+fp/hard\libc_nano.a(lib_a-strtod.o)
                0x080016b4                strtod
 .text.__swbuf_r
                0x080016cc       0xa4 c:/program files (x86)/gnu arm embedded toolchain/10 2021.10/bin/../lib/gcc/arm-none-eabi/10.3.1/../../../../arm-none-eabi/lib/thumb/v7e-m+fp/hard\libc_nano.a(lib_a-wbuf.o)
                0x080016cc                __swbuf_r
 .text.__swsetup_r
                0x08001770       0xdc c:/program files (x86)/gnu arm embedded toolchain/10 2021.10/bin/../lib/gcc/arm-none-eabi/10.3.1/../../../../arm-none-eabi/lib/thumb/v7e-m+fp/hard\libc_nano.a(lib_a-wsetup.o)
                0x08001770                __swsetup_r
 .text.__sflush_r
                0x0800184c      0x10c c:/program files (x86)/gnu arm embedded toolchain/10 2021.10/bin/../lib/gcc/arm-none-eabi/10.3.1/../../../../arm-none-eabi/lib/thumb/v7e-m+fp/hard\libc_nano.a(lib_a-fflush.o)
                0x0800184c                __sflush_r
 .text._fflush_r
                0x08001958       0x78 c:/program files (x86)/gnu arm embedded toolchain/10 2021.10/bin/../lib/gcc/arm-none-eabi/10.3.1/../../../../arm-none-eabi/lib/thumb/v7e-m+fp/hard\libc_nano.a(lib_a-fflush.o)
                0x08001958                _fflush_r
 .text.std      0x080019d0       0x48 c:/program files (x86)/gnu arm embedded toolchain/10 2021.10/bin/../lib/gcc/arm-none-eabi/10.3.1/../../../../arm-none-eabi/lib/thumb/v7e-m+fp/hard\libc_nano.a(lib_a-findfp.o)
 .text._cleanup_r
                0x08001a18        0xc c:/program files (x86)/gnu arm embedded toolchain/10 2021.10/bin/../lib/gcc/arm-none-eabi/10.3.1/../../../../arm-none-eabi/lib/thumb/v7e-m+fp/hard\libc_nano.a(lib_a-findfp.o)
                0x08001a18                _cleanup_r
 .text.__sfmoreglue
                0x08001a24       0x2c c:/program files (x86)/gnu arm embedded toolchain/10 2021.10/bin/../lib/gcc/arm-none-eabi/10.3.1/../../../../arm-none-eabi/lib/thumb/v7e-m+fp/hard\libc_nano.a(lib_a-findfp.o)
                0x08001a24                __sfmoreglue
 .text.__sfp_lock_acquire
                0x08001a50        0xc c:/program files (x86)/gnu arm embedded toolchain/10 2021.10/bin/../lib/gcc/arm-none-eabi/10.3.1/../../../../arm-none-eabi/lib/thumb/v7e-m+fp/hard\libc_nano.a(lib_a-findfp.o)
                0x08001a50                __sfp_lock_acquire
 .text.__sfp_lock_release
                0x08001a5c        0xc c:/program files (x86)/gnu arm embedded toolchain/10 2021.10/bin/../lib/gcc/arm-none-eabi/10.3.1/../../../../arm-none-eabi/lib/thumb/v7e-m+fp/hard\libc_nano.a(lib_a-findfp.o)
                0x08001a5c                __sfp_lock_release
 .text.__sinit_lock_acquire
                0x08001a68        0xc c:/program files (x86)/gnu arm embedded toolchain/10 2021.10/bin/../lib/gcc/arm-none-eabi/10.3.1/../../../../arm-none-eabi/lib/thumb/v7e-m+fp/hard\libc_nano.a(lib_a-findfp.o)
                0x08001a68                __sinit_lock_acquire
 .text.__sinit_lock_release
                0x08001a74        0xc c:/program files (x86)/gnu arm embedded toolchain/10 2021.10/bin/../lib/gcc/arm-none-eabi/10.3.1/../../../../arm-none-eabi/lib/thumb/v7e-m+fp/hard\libc_nano.a(lib_a-findfp.o)
                0x08001a74                __sinit_lock_release
 .text.__sinit  0x08001a80       0x70 c:/program files (x86)/gnu arm embedded toolchain/10 2021.10/bin/../lib/gcc/arm-none-eabi/10.3.1/../../../../arm-none-eabi/lib/thumb/v7e-m+fp/hard\libc_nano.a(lib_a-findfp.o)
                0x08001a80                __sinit
 .text.__sfp    0x08001af0       0x8c c:/program files (x86)/gnu arm embedded toolchain/10 2021.10/bin/../lib/gcc/arm-none-eabi/10.3.1/../../../../arm-none-eabi/lib/thumb/v7e-m+fp/hard\libc_nano.a(lib_a-findfp.o)
                0x08001af0                __sfp
 .text._fwalk_reent
                0x08001b7c       0x3e c:/program files (x86)/gnu arm embedded toolchain/10 2021.10/bin/../lib/gcc/arm-none-eabi/10.3.1/../../../../arm-none-eabi/lib/thumb/v7e-m+fp/hard\libc_nano.a(lib_a-fwalk.o)
                0x08001b7c                _fwalk_reent
 .text.rshift   0x08001bba       0xa4 c:/program files (x86)/gnu arm embedded toolchain/10 2021.10/bin/../lib/gcc/arm-none-eabi/10.3.1/../../../../arm-none-eabi/lib/thumb/v7e-m+fp/hard\libc_nano.a(lib_a-gdtoa-gethex.o)
 .text.__hexdig_fun
                0x08001c5e       0x2a c:/program files (x86)/gnu arm embedded toolchain/10 2021.10/bin/../lib/gcc/arm-none-eabi/10.3.1/../../../../arm-none-eabi/lib/thumb/v7e-m+fp/hard\libc_nano.a(lib_a-gdtoa-gethex.o)
                0x08001c5e                __hexdig_fun
 .text.__gethex
                0x08001c88      0x48c c:/program files (x86)/gnu arm embedded toolchain/10 2021.10/bin/../lib/gcc/arm-none-eabi/10.3.1/../../../../arm-none-eabi/lib/thumb/v7e-m+fp/hard\libc_nano.a(lib_a-gdtoa-gethex.o)
                0x08001c88                __gethex
 .text.L_shift  0x08002114       0x24 c:/program files (x86)/gnu arm embedded toolchain/10 2021.10/bin/../lib/gcc/arm-none-eabi/10.3.1/../../../../arm-none-eabi/lib/thumb/v7e-m+fp/hard\libc_nano.a(lib_a-gdtoa-hexnan.o)
 .text.__match  0x08002138       0x28 c:/program files (x86)/gnu arm embedded toolchain/10 2021.10/bin/../lib/gcc/arm-none-eabi/10.3.1/../../../../arm-none-eabi/lib/thumb/v7e-m+fp/hard\libc_nano.a(lib_a-gdtoa-hexnan.o)
                0x08002138                __match
 .text.__hexnan
                0x08002160      0x138 c:/program files (x86)/gnu arm embedded toolchain/10 2021.10/bin/../lib/gcc/arm-none-eabi/10.3.1/../../../../arm-none-eabi/lib/thumb/v7e-m+fp/hard\libc_nano.a(lib_a-gdtoa-hexnan.o)
                0x08002160                __hexnan
 .text.__retarget_lock_init_recursive
                0x08002298        0x2 c:/program files (x86)/gnu arm embedded toolchain/10 2021.10/bin/../lib/gcc/arm-none-eabi/10.3.1/../../../../arm-none-eabi/lib/thumb/v7e-m+fp/hard\libc_nano.a(lib_a-lock.o)
                0x08002298                __retarget_lock_init_recursive
 .text.__retarget_lock_acquire_recursive
                0x0800229a        0x2 c:/program files (x86)/gnu arm embedded toolchain/10 2021.10/bin/../lib/gcc/arm-none-eabi/10.3.1/../../../../arm-none-eabi/lib/thumb/v7e-m+fp/hard\libc_nano.a(lib_a-lock.o)
                0x0800229a                __retarget_lock_acquire_recursive
 .text.__retarget_lock_release_recursive
                0x0800229c        0x2 c:/program files (x86)/gnu arm embedded toolchain/10 2021.10/bin/../lib/gcc/arm-none-eabi/10.3.1/../../../../arm-none-eabi/lib/thumb/v7e-m+fp/hard\libc_nano.a(lib_a-lock.o)
                0x0800229c                __retarget_lock_release_recursive
 .text.__swhatbuf_r
                0x0800229e       0x4a c:/program files (x86)/gnu arm embedded toolchain/10 2021.10/bin/../lib/gcc/arm-none-eabi/10.3.1/../../../../arm-none-eabi/lib/thumb/v7e-m+fp/hard\libc_nano.a(lib_a-makebuf.o)
                0x0800229e                __swhatbuf_r
 .text.__smakebuf_r
                0x080022e8       0x80 c:/program files (x86)/gnu arm embedded toolchain/10 2021.10/bin/../lib/gcc/arm-none-eabi/10.3.1/../../../../arm-none-eabi/lib/thumb/v7e-m+fp/hard\libc_nano.a(lib_a-makebuf.o)
                0x080022e8                __smakebuf_r
 .text.__ascii_mbtowc
                0x08002368       0x24 c:/program files (x86)/gnu arm embedded toolchain/10 2021.10/bin/../lib/gcc/arm-none-eabi/10.3.1/../../../../arm-none-eabi/lib/thumb/v7e-m+fp/hard\libc_nano.a(lib_a-mbtowc_r.o)
                0x08002368                __ascii_mbtowc
 .text.memcpy   0x0800238c       0x1c c:/program files (x86)/gnu arm embedded toolchain/10 2021.10/bin/../lib/gcc/arm-none-eabi/10.3.1/../../../../arm-none-eabi/lib/thumb/v7e-m+fp/hard\libc_nano.a(lib_a-memcpy-stub.o)
                0x0800238c                memcpy
 .text.memset   0x080023a8       0x10 c:/program files (x86)/gnu arm embedded toolchain/10 2021.10/bin/../lib/gcc/arm-none-eabi/10.3.1/../../../../arm-none-eabi/lib/thumb/v7e-m+fp/hard\libc_nano.a(lib_a-memset.o)
                0x080023a8                memset
 .text.__malloc_lock
                0x080023b8        0xc c:/program files (x86)/gnu arm embedded toolchain/10 2021.10/bin/../lib/gcc/arm-none-eabi/10.3.1/../../../../arm-none-eabi/lib/thumb/v7e-m+fp/hard\libc_nano.a(lib_a-mlock.o)
                0x080023b8                __malloc_lock
 .text.__malloc_unlock
                0x080023c4        0xc c:/program files (x86)/gnu arm embedded toolchain/10 2021.10/bin/../lib/gcc/arm-none-eabi/10.3.1/../../../../arm-none-eabi/lib/thumb/v7e-m+fp/hard\libc_nano.a(lib_a-mlock.o)
                0x080023c4                __malloc_unlock
 .text._Balloc  0x080023d0       0x80 c:/program files (x86)/gnu arm embedded toolchain/10 2021.10/bin/../lib/gcc/arm-none-eabi/10.3.1/../../../../arm-none-eabi/lib/thumb/v7e-m+fp/hard\libc_nano.a(lib_a-mprec.o)
                0x080023d0                _Balloc
 .text._Bfree   0x08002450       0x44 c:/program files (x86)/gnu arm embedded toolchain/10 2021.10/bin/../lib/gcc/arm-none-eabi/10.3.1/../../../../arm-none-eabi/lib/thumb/v7e-m+fp/hard\libc_nano.a(lib_a-mprec.o)
                0x08002450                _Bfree
 .text.__multadd
                0x08002494       0x8c c:/program files (x86)/gnu arm embedded toolchain/10 2021.10/bin/../lib/gcc/arm-none-eabi/10.3.1/../../../../arm-none-eabi/lib/thumb/v7e-m+fp/hard\libc_nano.a(lib_a-mprec.o)
                0x08002494                __multadd
 .text.__s2b    0x08002520       0x94 c:/program files (x86)/gnu arm embedded toolchain/10 2021.10/bin/../lib/gcc/arm-none-eabi/10.3.1/../../../../arm-none-eabi/lib/thumb/v7e-m+fp/hard\libc_nano.a(lib_a-mprec.o)
                0x08002520                __s2b
 .text.__hi0bits
                0x080025b4       0x40 c:/program files (x86)/gnu arm embedded toolchain/10 2021.10/bin/../lib/gcc/arm-none-eabi/10.3.1/../../../../arm-none-eabi/lib/thumb/v7e-m+fp/hard\libc_nano.a(lib_a-mprec.o)
                0x080025b4                __hi0bits
 .text.__lo0bits
                0x080025f4       0x5e c:/program files (x86)/gnu arm embedded toolchain/10 2021.10/bin/../lib/gcc/arm-none-eabi/10.3.1/../../../../arm-none-eabi/lib/thumb/v7e-m+fp/hard\libc_nano.a(lib_a-mprec.o)
                0x080025f4                __lo0bits
 *fill*         0x08002652        0x2 
 .text.__i2b    0x08002654       0x2c c:/program files (x86)/gnu arm embedded toolchain/10 2021.10/bin/../lib/gcc/arm-none-eabi/10.3.1/../../../../arm-none-eabi/lib/thumb/v7e-m+fp/hard\libc_nano.a(lib_a-mprec.o)
                0x08002654                __i2b
 .text.__multiply
                0x08002680      0x154 c:/program files (x86)/gnu arm embedded toolchain/10 2021.10/bin/../lib/gcc/arm-none-eabi/10.3.1/../../../../arm-none-eabi/lib/thumb/v7e-m+fp/hard\libc_nano.a(lib_a-mprec.o)
                0x08002680                __multiply
 .text.__pow5mult
                0x080027d4       0xb4 c:/program files (x86)/gnu arm embedded toolchain/10 2021.10/bin/../lib/gcc/arm-none-eabi/10.3.1/../../../../arm-none-eabi/lib/thumb/v7e-m+fp/hard\libc_nano.a(lib_a-mprec.o)
                0x080027d4                __pow5mult
 .text.__lshift
                0x08002888       0xe0 c:/program files (x86)/gnu arm embedded toolchain/10 2021.10/bin/../lib/gcc/arm-none-eabi/10.3.1/../../../../arm-none-eabi/lib/thumb/v7e-m+fp/hard\libc_nano.a(lib_a-mprec.o)
                0x08002888                __lshift
 .text.__mcmp   0x08002968       0x38 c:/program files (x86)/gnu arm embedded toolchain/10 2021.10/bin/../lib/gcc/arm-none-eabi/10.3.1/../../../../arm-none-eabi/lib/thumb/v7e-m+fp/hard\libc_nano.a(lib_a-mprec.o)
                0x08002968                __mcmp
 .text.__mdiff  0x080029a0      0x114 c:/program files (x86)/gnu arm embedded toolchain/10 2021.10/bin/../lib/gcc/arm-none-eabi/10.3.1/../../../../arm-none-eabi/lib/thumb/v7e-m+fp/hard\libc_nano.a(lib_a-mprec.o)
                0x080029a0                __mdiff
 .text.__ulp    0x08002ab4       0x58 c:/program files (x86)/gnu arm embedded toolchain/10 2021.10/bin/../lib/gcc/arm-none-eabi/10.3.1/../../../../arm-none-eabi/lib/thumb/v7e-m+fp/hard\libc_nano.a(lib_a-mprec.o)
                0x08002ab4                __ulp
 .text.__b2d    0x08002b0c       0xa0 c:/program files (x86)/gnu arm embedded toolchain/10 2021.10/bin/../lib/gcc/arm-none-eabi/10.3.1/../../../../arm-none-eabi/lib/thumb/v7e-m+fp/hard\libc_nano.a(lib_a-mprec.o)
                0x08002b0c                __b2d
 .text.__d2b    0x08002bac       0xb8 c:/program files (x86)/gnu arm embedded toolchain/10 2021.10/bin/../lib/gcc/arm-none-eabi/10.3.1/../../../../arm-none-eabi/lib/thumb/v7e-m+fp/hard\libc_nano.a(lib_a-mprec.o)
                0x08002bac                __d2b
 .text.__ratio  0x08002c64       0x66 c:/program files (x86)/gnu arm embedded toolchain/10 2021.10/bin/../lib/gcc/arm-none-eabi/10.3.1/../../../../arm-none-eabi/lib/thumb/v7e-m+fp/hard\libc_nano.a(lib_a-mprec.o)
                0x08002c64                __ratio
 .text.__copybits
                0x08002cca       0x46 c:/program files (x86)/gnu arm embedded toolchain/10 2021.10/bin/../lib/gcc/arm-none-eabi/10.3.1/../../../../arm-none-eabi/lib/thumb/v7e-m+fp/hard\libc_nano.a(lib_a-mprec.o)
                0x08002cca                __copybits
 .text.__any_on
                0x08002d10       0x42 c:/program files (x86)/gnu arm embedded toolchain/10 2021.10/bin/../lib/gcc/arm-none-eabi/10.3.1/../../../../arm-none-eabi/lib/thumb/v7e-m+fp/hard\libc_nano.a(lib_a-mprec.o)
                0x08002d10                __any_on
 .text._calloc_r
                0x08002d52       0x2c c:/program files (x86)/gnu arm embedded toolchain/10 2021.10/bin/../lib/gcc/arm-none-eabi/10.3.1/../../../../arm-none-eabi/lib/thumb/v7e-m+fp/hard\libc_nano.a(lib_a-nano-callocr.o)
                0x08002d52                _calloc_r
 .text.__sfputc_r
                0x08002d7e       0x2e c:/program files (x86)/gnu arm embedded toolchain/10 2021.10/bin/../lib/gcc/arm-none-eabi/10.3.1/../../../../arm-none-eabi/lib/thumb/v7e-m+fp/hard\libc_nano.a(lib_a-nano-vfprintf.o)
 .text.__sfputs_r
                0x08002dac       0x24 c:/program files (x86)/gnu arm embedded toolchain/10 2021.10/bin/../lib/gcc/arm-none-eabi/10.3.1/../../../../arm-none-eabi/lib/thumb/v7e-m+fp/hard\libc_nano.a(lib_a-nano-vfprintf.o)
                0x08002dac                __sfputs_r
 .text._vfprintf_r
                0x08002dd0      0x260 c:/program files (x86)/gnu arm embedded toolchain/10 2021.10/bin/../lib/gcc/arm-none-eabi/10.3.1/../../../../arm-none-eabi/lib/thumb/v7e-m+fp/hard\libc_nano.a(lib_a-nano-vfprintf.o)
                0x08002dd0                _vfprintf_r
                0x08002dd0                _vfiprintf_r
 .text._printf_common
                0x08003030       0xda c:/program files (x86)/gnu arm embedded toolchain/10 2021.10/bin/../lib/gcc/arm-none-eabi/10.3.1/../../../../arm-none-eabi/lib/thumb/v7e-m+fp/hard\libc_nano.a(lib_a-nano-vfprintf_i.o)
                0x08003030                _printf_common
 *fill*         0x0800310a        0x2 
 .text._printf_i
                0x0800310c      0x24c c:/program files (x86)/gnu arm embedded toolchain/10 2021.10/bin/../lib/gcc/arm-none-eabi/10.3.1/../../../../arm-none-eabi/lib/thumb/v7e-m+fp/hard\libc_nano.a(lib_a-nano-vfprintf_i.o)
                0x0800310c                _printf_i
 .text.nan      0x08003358       0x10 c:/program files (x86)/gnu arm embedded toolchain/10 2021.10/bin/../lib/gcc/arm-none-eabi/10.3.1/../../../../arm-none-eabi/lib/thumb/v7e-m+fp/hard\libc_nano.a(lib_a-s_nan.o)
                0x08003358                nan
 .text.__sread  0x08003368       0x22 c:/program files (x86)/gnu arm embedded toolchain/10 2021.10/bin/../lib/gcc/arm-none-eabi/10.3.1/../../../../arm-none-eabi/lib/thumb/v7e-m+fp/hard\libc_nano.a(lib_a-stdio.o)
                0x08003368                __sread
 .text.__swrite
                0x0800338a       0x38 c:/program files (x86)/gnu arm embedded toolchain/10 2021.10/bin/../lib/gcc/arm-none-eabi/10.3.1/../../../../arm-none-eabi/lib/thumb/v7e-m+fp/hard\libc_nano.a(lib_a-stdio.o)
                0x0800338a                __swrite
 .text.__sseek  0x080033c2       0x24 c:/program files (x86)/gnu arm embedded toolchain/10 2021.10/bin/../lib/gcc/arm-none-eabi/10.3.1/../../../../arm-none-eabi/lib/thumb/v7e-m+fp/hard\libc_nano.a(lib_a-stdio.o)
                0x080033c2                __sseek
 .text.__sclose
                0x080033e6        0x8 c:/program files (x86)/gnu arm embedded toolchain/10 2021.10/bin/../lib/gcc/arm-none-eabi/10.3.1/../../../../arm-none-eabi/lib/thumb/v7e-m+fp/hard\libc_nano.a(lib_a-stdio.o)
                0x080033e6                __sclose
 .text          0x080033ee       0x10 c:/program files (x86)/gnu arm embedded toolchain/10 2021.10/bin/../lib/gcc/arm-none-eabi/10.3.1/../../../../arm-none-eabi/lib/thumb/v7e-m+fp/hard\libc_nano.a(lib_a-strlen.o)
                0x080033ee                strlen
 .text.__ascii_wctomb
                0x080033fe       0x1a c:/program files (x86)/gnu arm embedded toolchain/10 2021.10/bin/../lib/gcc/arm-none-eabi/10.3.1/../../../../arm-none-eabi/lib/thumb/v7e-m+fp/hard\libc_nano.a(lib_a-wctomb_r.o)
                0x080033fe                __ascii_wctomb
 .text._write_r
                0x08003418       0x24 c:/program files (x86)/gnu arm embedded toolchain/10 2021.10/bin/../lib/gcc/arm-none-eabi/10.3.1/../../../../arm-none-eabi/lib/thumb/v7e-m+fp/hard\libc_nano.a(lib_a-writer.o)
                0x08003418                _write_r
 .text.__assert_func
                0x0800343c       0x3c c:/program files (x86)/gnu arm embedded toolchain/10 2021.10/bin/../lib/gcc/arm-none-eabi/10.3.1/../../../../arm-none-eabi/lib/thumb/v7e-m+fp/hard\libc_nano.a(lib_a-assert.o)
                0x0800343c                __assert_func
 .text._close_r
                0x08003478       0x20 c:/program files (x86)/gnu arm embedded toolchain/10 2021.10/bin/../lib/gcc/arm-none-eabi/10.3.1/../../../../arm-none-eabi/lib/thumb/v7e-m+fp/hard\libc_nano.a(lib_a-closer.o)
                0x08003478                _close_r
 .text.fprintf  0x08003498       0x24 c:/program files (x86)/gnu arm embedded toolchain/10 2021.10/bin/../lib/gcc/arm-none-eabi/10.3.1/../../../../arm-none-eabi/lib/thumb/v7e-m+fp/hard\libc_nano.a(lib_a-fprintf.o)
                0x08003498                fiprintf
                0x08003498                fprintf
 .text._fstat_r
                0x080034bc       0x24 c:/program files (x86)/gnu arm embedded toolchain/10 2021.10/bin/../lib/gcc/arm-none-eabi/10.3.1/../../../../arm-none-eabi/lib/thumb/v7e-m+fp/hard\libc_nano.a(lib_a-fstatr.o)
                0x080034bc                _fstat_r
 .text._isatty_r
                0x080034e0       0x20 c:/program files (x86)/gnu arm embedded toolchain/10 2021.10/bin/../lib/gcc/arm-none-eabi/10.3.1/../../../../arm-none-eabi/lib/thumb/v7e-m+fp/hard\libc_nano.a(lib_a-isattyr.o)
                0x080034e0                _isatty_r
 .text._lseek_r
                0x08003500       0x24 c:/program files (x86)/gnu arm embedded toolchain/10 2021.10/bin/../lib/gcc/arm-none-eabi/10.3.1/../../../../arm-none-eabi/lib/thumb/v7e-m+fp/hard\libc_nano.a(lib_a-lseekr.o)
                0x08003500                _lseek_r
 *fill*         0x08003524        0xc 
 .text          0x08003530       0xa0 c:/program files (x86)/gnu arm embedded toolchain/10 2021.10/bin/../lib/gcc/arm-none-eabi/10.3.1/../../../../arm-none-eabi/lib/thumb/v7e-m+fp/hard\libc_nano.a(lib_a-memchr.o)
                0x08003530                memchr
 .text._read_r  0x080035d0       0x24 c:/program files (x86)/gnu arm embedded toolchain/10 2021.10/bin/../lib/gcc/arm-none-eabi/10.3.1/../../../../arm-none-eabi/lib/thumb/v7e-m+fp/hard\libc_nano.a(lib_a-readr.o)
                0x080035d0                _read_r
 .text.abort    0x080035f4        0xe c:/program files (x86)/gnu arm embedded toolchain/10 2021.10/bin/../lib/gcc/arm-none-eabi/10.3.1/../../../../arm-none-eabi/lib/thumb/v7e-m+fp/hard\libc_nano.a(lib_a-abort.o)
                0x080035f4                abort
 .text._raise_r
                0x08003602       0x50 c:/program files (x86)/gnu arm embedded toolchain/10 2021.10/bin/../lib/gcc/arm-none-eabi/10.3.1/../../../../arm-none-eabi/lib/thumb/v7e-m+fp/hard\libc_nano.a(lib_a-signal.o)
                0x08003602                _raise_r
 *fill*         0x08003652        0x2 
 .text.raise    0x08003654       0x10 c:/program files (x86)/gnu arm embedded toolchain/10 2021.10/bin/../lib/gcc/arm-none-eabi/10.3.1/../../../../arm-none-eabi/lib/thumb/v7e-m+fp/hard\libc_nano.a(lib_a-signal.o)
                0x08003654                raise
 .text._kill_r  0x08003664       0x24 c:/program files (x86)/gnu arm embedded toolchain/10 2021.10/bin/../lib/gcc/arm-none-eabi/10.3.1/../../../../arm-none-eabi/lib/thumb/v7e-m+fp/hard\libc_nano.a(lib_a-signalr.o)
                0x08003664                _kill_r
 .text._getpid_r
                0x08003688        0x4 c:/program files (x86)/gnu arm embedded toolchain/10 2021.10/bin/../lib/gcc/arm-none-eabi/10.3.1/../../../../arm-none-eabi/lib/thumb/v7e-m+fp/hard\libc_nano.a(lib_a-signalr.o)
                0x08003688                _getpid_r
 .text          0x0800368c      0x378 c:/program files (x86)/gnu arm embedded toolchain/10 2021.10/bin/../lib/gcc/arm-none-eabi/10.3.1/thumb/v7e-m+fp/hard\libgcc.a(_arm_addsubdf3.o)
                0x0800368c                __aeabi_drsub
                0x08003694                __aeabi_dsub
                0x08003694                __subdf3
                0x08003698                __aeabi_dadd
                0x08003698                __adddf3
                0x08003910                __floatunsidf
                0x08003910                __aeabi_ui2d
                0x08003930                __floatsidf
                0x08003930                __aeabi_i2d
                0x08003954                __aeabi_f2d
                0x08003954                __extendsfdf2
                0x08003998                __floatundidf
                0x08003998                __aeabi_ul2d
                0x080039a8                __floatdidf
                0x080039a8                __aeabi_l2d
 .text          0x08003a04      0x424 c:/program files (x86)/gnu arm embedded toolchain/10 2021.10/bin/../lib/gcc/arm-none-eabi/10.3.1/thumb/v7e-m+fp/hard\libgcc.a(_arm_muldivdf3.o)
                0x08003a04                __aeabi_dmul
                0x08003a04                __muldf3
                0x08003c58                __divdf3
                0x08003c58                __aeabi_ddiv
 .text          0x08003e28      0x110 c:/program files (x86)/gnu arm embedded toolchain/10 2021.10/bin/../lib/gcc/arm-none-eabi/10.3.1/thumb/v7e-m+fp/hard\libgcc.a(_arm_cmpdf2.o)
                0x08003e28                __gtdf2
                0x08003e28                __gedf2
                0x08003e30                __ltdf2
                0x08003e30                __ledf2
                0x08003e38                __nedf2
                0x08003e38                __eqdf2
                0x08003e38                __cmpdf2
                0x08003eb4                __aeabi_cdrcmple
                0x08003ec4                __aeabi_cdcmpeq
                0x08003ec4                __aeabi_cdcmple
                0x08003ed4                __aeabi_dcmpeq
                0x08003ee8                __aeabi_dcmplt
                0x08003efc                __aeabi_dcmple
                0x08003f10                __aeabi_dcmpge
                0x08003f24                __aeabi_dcmpgt
 .text          0x08003f38       0x40 c:/program files (x86)/gnu arm embedded toolchain/10 2021.10/bin/../lib/gcc/arm-none-eabi/10.3.1/thumb/v7e-m+fp/hard\libgcc.a(_arm_fixunsdfsi.o)
                0x08003f38                __aeabi_d2uiz
                0x08003f38                __fixunsdfsi
 .text          0x08003f78       0x30 c:/program files (x86)/gnu arm embedded toolchain/10 2021.10/bin/../lib/gcc/arm-none-eabi/10.3.1/thumb/v7e-m+fp/hard\libgcc.a(_fixdfdi.o)
                0x08003f78                __fixdfdi
                0x08003f78                __aeabi_d2lz
 .text          0x08003fa8       0x3c c:/program files (x86)/gnu arm embedded toolchain/10 2021.10/bin/../lib/gcc/arm-none-eabi/10.3.1/thumb/v7e-m+fp/hard\libgcc.a(_fixunsdfdi.o)
                0x08003fa8                __fixunsdfdi
                0x08003fa8                __aeabi_d2ulz

.glue_7         0x08003fe4        0x0
 .glue_7        0x08003fe4        0x0 linker stubs

.glue_7t        0x08003fe4        0x0
 .glue_7t       0x08003fe4        0x0 linker stubs

.vfp11_veneer   0x08003fe4        0x0
 .vfp11_veneer  0x08003fe4        0x0 linker stubs

.v4_bx          0x08003fe4        0x0
 .v4_bx         0x08003fe4        0x0 linker stubs

.iplt           0x08003fe4        0x0
 .iplt          0x08003fe4        0x0 C:\Users\Luke\AppData\Local\Temp\ccbAPZIu.o

.rodata         0x08003fe8      0x4a4
 *(.rodata*)
 .rodata.main.str1.1
                0x08003fe8        0xf C:\Users\Luke\AppData\Local\Temp\ccbAPZIu.o
 .rodata.update_gps_data.str1.1
                0x08003ff7       0x20 C:\Users\Luke\AppData\Local\Temp\ccFmfd1J.o
 .rodata._strtod_l.str1.1
                0x08004017        0xc c:/program files (x86)/gnu arm embedded toolchain/10 2021.10/bin/../lib/gcc/arm-none-eabi/10.3.1/../../../../arm-none-eabi/lib/thumb/v7e-m+fp/hard\libc_nano.a(lib_a-strtod.o)
                                  0xd (size before relaxing)
 *fill*         0x08004023        0x1 
 .rodata.fpi.1  0x08004024       0x14 c:/program files (x86)/gnu arm embedded toolchain/10 2021.10/bin/../lib/gcc/arm-none-eabi/10.3.1/../../../../arm-none-eabi/lib/thumb/v7e-m+fp/hard\libc_nano.a(lib_a-strtod.o)
 .rodata.fpinan.0
                0x08004038       0x14 c:/program files (x86)/gnu arm embedded toolchain/10 2021.10/bin/../lib/gcc/arm-none-eabi/10.3.1/../../../../arm-none-eabi/lib/thumb/v7e-m+fp/hard\libc_nano.a(lib_a-strtod.o)
 *fill*         0x0800404c        0x4 
 .rodata.tinytens
                0x08004050       0x28 c:/program files (x86)/gnu arm embedded toolchain/10 2021.10/bin/../lib/gcc/arm-none-eabi/10.3.1/../../../../arm-none-eabi/lib/thumb/v7e-m+fp/hard\libc_nano.a(lib_a-strtod.o)
 .rodata.__sf_fake_stderr
                0x08004078       0x20 c:/program files (x86)/gnu arm embedded toolchain/10 2021.10/bin/../lib/gcc/arm-none-eabi/10.3.1/../../../../arm-none-eabi/lib/thumb/v7e-m+fp/hard\libc_nano.a(lib_a-findfp.o)
                0x08004078                __sf_fake_stderr
 .rodata.__sf_fake_stdin
                0x08004098       0x20 c:/program files (x86)/gnu arm embedded toolchain/10 2021.10/bin/../lib/gcc/arm-none-eabi/10.3.1/../../../../arm-none-eabi/lib/thumb/v7e-m+fp/hard\libc_nano.a(lib_a-findfp.o)
                0x08004098                __sf_fake_stdin
 .rodata.__sf_fake_stdout
                0x080040b8       0x20 c:/program files (x86)/gnu arm embedded toolchain/10 2021.10/bin/../lib/gcc/arm-none-eabi/10.3.1/../../../../arm-none-eabi/lib/thumb/v7e-m+fp/hard\libc_nano.a(lib_a-findfp.o)
                0x080040b8                __sf_fake_stdout
 .rodata.__gethex.str1.1
                0x080040d8       0x97 c:/program files (x86)/gnu arm embedded toolchain/10 2021.10/bin/../lib/gcc/arm-none-eabi/10.3.1/../../../../arm-none-eabi/lib/thumb/v7e-m+fp/hard\libc_nano.a(lib_a-gdtoa-gethex.o)
 *fill*         0x0800416f        0x1 
 .rodata._global_impure_ptr
                0x08004170        0x4 c:/program files (x86)/gnu arm embedded toolchain/10 2021.10/bin/../lib/gcc/arm-none-eabi/10.3.1/../../../../arm-none-eabi/lib/thumb/v7e-m+fp/hard\libc_nano.a(lib_a-impure.o)
                0x08004170                _global_impure_ptr
 .rodata.str1.1
                0x08004174        0x2 c:/program files (x86)/gnu arm embedded toolchain/10 2021.10/bin/../lib/gcc/arm-none-eabi/10.3.1/../../../../arm-none-eabi/lib/thumb/v7e-m+fp/hard\libc_nano.a(lib_a-lnumeric.o)
                                  0x3 (size before relaxing)
 *fill*         0x08004176        0x2 
 .rodata._C_numeric_locale
                0x08004178        0xc c:/program files (x86)/gnu arm embedded toolchain/10 2021.10/bin/../lib/gcc/arm-none-eabi/10.3.1/../../../../arm-none-eabi/lib/thumb/v7e-m+fp/hard\libc_nano.a(lib_a-lnumeric.o)
                0x08004178                _C_numeric_locale
 .rodata._setlocale_r.str1.1
                0x08004184        0x6 c:/program files (x86)/gnu arm embedded toolchain/10 2021.10/bin/../lib/gcc/arm-none-eabi/10.3.1/../../../../arm-none-eabi/lib/thumb/v7e-m+fp/hard\libc_nano.a(lib_a-locale.o)
                                  0x9 (size before relaxing)
 .rodata.str1.1
                0x0800418a        0x2 c:/program files (x86)/gnu arm embedded toolchain/10 2021.10/bin/../lib/gcc/arm-none-eabi/10.3.1/../../../../arm-none-eabi/lib/thumb/v7e-m+fp/hard\libc_nano.a(lib_a-locale.o)
 .rodata._Balloc.str1.1
                0x0800418a       0x96 c:/program files (x86)/gnu arm embedded toolchain/10 2021.10/bin/../lib/gcc/arm-none-eabi/10.3.1/../../../../arm-none-eabi/lib/thumb/v7e-m+fp/hard\libc_nano.a(lib_a-mprec.o)
 .rodata.__multadd.str1.1
                0x08004220       0x11 c:/program files (x86)/gnu arm embedded toolchain/10 2021.10/bin/../lib/gcc/arm-none-eabi/10.3.1/../../../../arm-none-eabi/lib/thumb/v7e-m+fp/hard\libc_nano.a(lib_a-mprec.o)
 .rodata.__mprec_bigtens
                0x08004220       0x28 c:/program files (x86)/gnu arm embedded toolchain/10 2021.10/bin/../lib/gcc/arm-none-eabi/10.3.1/../../../../arm-none-eabi/lib/thumb/v7e-m+fp/hard\libc_nano.a(lib_a-mprec.o)
                0x08004220                __mprec_bigtens
 .rodata.__mprec_tens
                0x08004248       0xc8 c:/program files (x86)/gnu arm embedded toolchain/10 2021.10/bin/../lib/gcc/arm-none-eabi/10.3.1/../../../../arm-none-eabi/lib/thumb/v7e-m+fp/hard\libc_nano.a(lib_a-mprec.o)
                0x08004248                __mprec_tens
 .rodata.p05.0  0x08004310        0xc c:/program files (x86)/gnu arm embedded toolchain/10 2021.10/bin/../lib/gcc/arm-none-eabi/10.3.1/../../../../arm-none-eabi/lib/thumb/v7e-m+fp/hard\libc_nano.a(lib_a-mprec.o)
 .rodata._vfprintf_r.str1.1
                0x0800431c       0x11 c:/program files (x86)/gnu arm embedded toolchain/10 2021.10/bin/../lib/gcc/arm-none-eabi/10.3.1/../../../../arm-none-eabi/lib/thumb/v7e-m+fp/hard\libc_nano.a(lib_a-nano-vfprintf.o)
 .rodata._printf_i.str1.1
                0x0800432d       0x22 c:/program files (x86)/gnu arm embedded toolchain/10 2021.10/bin/../lib/gcc/arm-none-eabi/10.3.1/../../../../arm-none-eabi/lib/thumb/v7e-m+fp/hard\libc_nano.a(lib_a-nano-vfprintf_i.o)
 .rodata.__assert_func.str1.1
                0x0800434f       0x3c c:/program files (x86)/gnu arm embedded toolchain/10 2021.10/bin/../lib/gcc/arm-none-eabi/10.3.1/../../../../arm-none-eabi/lib/thumb/v7e-m+fp/hard\libc_nano.a(lib_a-assert.o)
                                 0x3d (size before relaxing)
 .rodata._ctype_
                0x0800438b      0x101 c:/program files (x86)/gnu arm embedded toolchain/10 2021.10/bin/../lib/gcc/arm-none-eabi/10.3.1/../../../../arm-none-eabi/lib/thumb/v7e-m+fp/hard\libc_nano.a(lib_a-ctype_.o)
                0x0800438b                _ctype_

.rel.dyn        0x0800448c        0x0
 .rel.iplt      0x0800448c        0x0 C:\Users\Luke\AppData\Local\Temp\ccbAPZIu.o

.data           0x20000000      0x1d2 load address 0x0800448c
                0x20000000                _sdata = .
 *(.first_data)
 *(.data SORT_BY_NAME(.data.*))
 .data.__global_locale
                0x20000000      0x16c c:/program files (x86)/gnu arm embedded toolchain/10 2021.10/bin/../lib/gcc/arm-none-eabi/10.3.1/../../../../arm-none-eabi/lib/thumb/v7e-m+fp/hard\libc_nano.a(lib_a-locale.o)
                0x20000000                __global_locale
 .data._impure_ptr
                0x2000016c        0x4 c:/program files (x86)/gnu arm embedded toolchain/10 2021.10/bin/../lib/gcc/arm-none-eabi/10.3.1/../../../../arm-none-eabi/lib/thumb/v7e-m+fp/hard\libc_nano.a(lib_a-impure.o)
                0x2000016c                _impure_ptr
 .data.impure_data
                0x20000170       0x60 c:/program files (x86)/gnu arm embedded toolchain/10 2021.10/bin/../lib/gcc/arm-none-eabi/10.3.1/../../../../arm-none-eabi/lib/thumb/v7e-m+fp/hard\libc_nano.a(lib_a-impure.o)
 .data.numempty
                0x200001d0        0x2 c:/program files (x86)/gnu arm embedded toolchain/10 2021.10/bin/../lib/gcc/arm-none-eabi/10.3.1/../../../../arm-none-eabi/lib/thumb/v7e-m+fp/hard\libc_nano.a(lib_a-lnumeric.o)
                0x200001d2                _edata = .
                0x0800448c                _sidata = LOADADDR (.data)

.igot.plt       0x200001d4        0x0 load address 0x0800465e
 .igot.plt      0x200001d4        0x0 C:\Users\Luke\AppData\Local\Temp\ccbAPZIu.o

.bss            0x200001d8      0x1dc load address 0x0800465e
                0x200001d8                _sbss = .
 *(.bss SORT_BY_NAME(.bss.*) COMMON)
 .bss.SystemCoreClock
                0x200001d8        0x4 C:\Users\Luke\AppData\Local\Temp\ccbAPZIu.o
                0x200001d8                SystemCoreClock
 .bss.__lock___malloc_recursive_mutex
                0x200001dc        0x1 c:/program files (x86)/gnu arm embedded toolchain/10 2021.10/bin/../lib/gcc/arm-none-eabi/10.3.1/../../../../arm-none-eabi/lib/thumb/v7e-m+fp/hard\libc_nano.a(lib_a-lock.o)
                0x200001dc                __lock___malloc_recursive_mutex
 .bss.__lock___sfp_recursive_mutex
                0x200001dd        0x1 c:/program files (x86)/gnu arm embedded toolchain/10 2021.10/bin/../lib/gcc/arm-none-eabi/10.3.1/../../../../arm-none-eabi/lib/thumb/v7e-m+fp/hard\libc_nano.a(lib_a-lock.o)
                0x200001dd                __lock___sfp_recursive_mutex
 .bss.__lock___sinit_recursive_mutex
                0x200001de        0x1 c:/program files (x86)/gnu arm embedded toolchain/10 2021.10/bin/../lib/gcc/arm-none-eabi/10.3.1/../../../../arm-none-eabi/lib/thumb/v7e-m+fp/hard\libc_nano.a(lib_a-lock.o)
                0x200001de                __lock___sinit_recursive_mutex
 *fill*         0x200001df        0x1 
 .bss.__malloc_free_list
                0x200001e0        0x4 c:/program files (x86)/gnu arm embedded toolchain/10 2021.10/bin/../lib/gcc/arm-none-eabi/10.3.1/../../../../arm-none-eabi/lib/thumb/v7e-m+fp/hard\libc_nano.a(lib_a-nano-mallocr.o)
                0x200001e0                __malloc_free_list
 .bss.__malloc_sbrk_start
                0x200001e4        0x4 c:/program files (x86)/gnu arm embedded toolchain/10 2021.10/bin/../lib/gcc/arm-none-eabi/10.3.1/../../../../arm-none-eabi/lib/thumb/v7e-m+fp/hard\libc_nano.a(lib_a-nano-mallocr.o)
                0x200001e4                __malloc_sbrk_start
 .bss.buffer    0x200001e8      0x100 C:\Users\Luke\AppData\Local\Temp\ccFmfd1J.o
 .bss.cog       0x200002e8        0xa C:\Users\Luke\AppData\Local\Temp\ccFmfd1J.o
 .bss.date      0x200002f2        0xa C:\Users\Luke\AppData\Local\Temp\ccFmfd1J.o
 .bss.errno     0x200002fc        0x4 c:/program files (x86)/gnu arm embedded toolchain/10 2021.10/bin/../lib/gcc/arm-none-eabi/10.3.1/../../../../arm-none-eabi/lib/thumb/v7e-m+fp/hard\libc_nano.a(lib_a-reent.o)
                0x200002fc                errno
 .bss.heap.0    0x20000300        0x4 C:\Users\Luke\AppData\Local\Temp\ccKL91ZW.o
 .bss.lat       0x20000304        0xa C:\Users\Luke\AppData\Local\Temp\ccFmfd1J.o
 .bss.lon       0x2000030e        0xa C:\Users\Luke\AppData\Local\Temp\ccFmfd1J.o
 .bss.msg       0x20000318       0x64 C:\Users\Luke\AppData\Local\Temp\ccFmfd1J.o
 .bss.msg_index
                0x2000037c        0x4 C:\Users\Luke\AppData\Local\Temp\ccFmfd1J.o
 .bss.newData   0x20000380        0x1 C:\Users\Luke\AppData\Local\Temp\ccFmfd1J.o
 *fill*         0x20000381        0x3 
 .bss.read_buf  0x20000384        0x4 C:\Users\Luke\AppData\Local\Temp\ccFmfd1J.o
 .bss.s_ticks   0x20000388        0x8 C:\Users\Luke\AppData\Local\Temp\ccbAPZIu.o
 .bss.sog       0x20000390        0xa C:\Users\Luke\AppData\Local\Temp\ccFmfd1J.o
 .bss.time      0x2000039a        0xa C:\Users\Luke\AppData\Local\Temp\ccFmfd1J.o
 *fill*         0x200003a4        0x4 
 .bss.timer.0   0x200003a8        0x8 C:\Users\Luke\AppData\Local\Temp\ccbAPZIu.o
 .bss.write_buf
                0x200003b0        0x4 C:\Users\Luke\AppData\Local\Temp\ccFmfd1J.o
                0x200003b4                _ebss = .
                0x200003b8                . = ALIGN (0x8)
                0x200003b8                _end = .
OUTPUT(firmware.elf elf32-littlearm)
LOAD linker stubs

.debug_info     0x00000000     0x20a0
 .debug_info    0x00000000     0x12a5 C:\Users\Luke\AppData\Local\Temp\ccbAPZIu.o
 .debug_info    0x000012a5      0x843 C:\Users\Luke\AppData\Local\Temp\ccKL91ZW.o
 .debug_info    0x00001ae8      0x596 C:\Users\Luke\AppData\Local\Temp\ccFmfd1J.o
 .debug_info    0x0000207e       0x22 C:\Users\Luke\AppData\Local\Temp\cc0sMHPB.o

.debug_abbrev   0x00000000      0x885
 .debug_abbrev  0x00000000      0x38e C:\Users\Luke\AppData\Local\Temp\ccbAPZIu.o
 .debug_abbrev  0x0000038e      0x2af C:\Users\Luke\AppData\Local\Temp\ccKL91ZW.o
 .debug_abbrev  0x0000063d      0x236 C:\Users\Luke\AppData\Local\Temp\ccFmfd1J.o
 .debug_abbrev  0x00000873       0x12 C:\Users\Luke\AppData\Local\Temp\cc0sMHPB.o

.debug_loc      0x00000000      0x8c4
 .debug_loc     0x00000000      0x386 C:\Users\Luke\AppData\Local\Temp\ccbAPZIu.o
 .debug_loc     0x00000386      0x2d7 C:\Users\Luke\AppData\Local\Temp\ccKL91ZW.o
 .debug_loc     0x0000065d      0x267 C:\Users\Luke\AppData\Local\Temp\ccFmfd1J.o

.debug_aranges  0x00000000      0x130
 .debug_aranges
                0x00000000       0x48 C:\Users\Luke\AppData\Local\Temp\ccbAPZIu.o
 .debug_aranges
                0x00000048       0x88 C:\Users\Luke\AppData\Local\Temp\ccKL91ZW.o
 .debug_aranges
                0x000000d0       0x38 C:\Users\Luke\AppData\Local\Temp\ccFmfd1J.o
 .debug_aranges
                0x00000108       0x28 C:\Users\Luke\AppData\Local\Temp\cc0sMHPB.o

.debug_ranges   0x00000000      0x278
 .debug_ranges  0x00000000      0x108 C:\Users\Luke\AppData\Local\Temp\ccbAPZIu.o
 .debug_ranges  0x00000108       0xa8 C:\Users\Luke\AppData\Local\Temp\ccKL91ZW.o
 .debug_ranges  0x000001b0       0xa8 C:\Users\Luke\AppData\Local\Temp\ccFmfd1J.o
 .debug_ranges  0x00000258       0x20 C:\Users\Luke\AppData\Local\Temp\cc0sMHPB.o

.debug_macro    0x00000000    0x183ef
 .debug_macro   0x00000000      0x2b6 C:\Users\Luke\AppData\Local\Temp\ccbAPZIu.o
 .debug_macro   0x000002b6      0xa6c C:\Users\Luke\AppData\Local\Temp\ccbAPZIu.o
 .debug_macro   0x00000d22       0x28 C:\Users\Luke\AppData\Local\Temp\ccbAPZIu.o
 .debug_macro   0x00000d4a       0x22 C:\Users\Luke\AppData\Local\Temp\ccbAPZIu.o
 .debug_macro   0x00000d6c       0x8e C:\Users\Luke\AppData\Local\Temp\ccbAPZIu.o
 .debug_macro   0x00000dfa       0x51 C:\Users\Luke\AppData\Local\Temp\ccbAPZIu.o
 .debug_macro   0x00000e4b      0x103 C:\Users\Luke\AppData\Local\Temp\ccbAPZIu.o
 .debug_macro   0x00000f4e       0x6a C:\Users\Luke\AppData\Local\Temp\ccbAPZIu.o
 .debug_macro   0x00000fb8      0x1df C:\Users\Luke\AppData\Local\Temp\ccbAPZIu.o
 .debug_macro   0x00001197       0x1c C:\Users\Luke\AppData\Local\Temp\ccbAPZIu.o
 .debug_macro   0x000011b3       0x22 C:\Users\Luke\AppData\Local\Temp\ccbAPZIu.o
 .debug_macro   0x000011d5       0xfb C:\Users\Luke\AppData\Local\Temp\ccbAPZIu.o
 .debug_macro   0x000012d0     0x1011 C:\Users\Luke\AppData\Local\Temp\ccbAPZIu.o
 .debug_macro   0x000022e1      0x11f C:\Users\Luke\AppData\Local\Temp\ccbAPZIu.o
 .debug_macro   0x00002400    0x147a6 C:\Users\Luke\AppData\Local\Temp\ccbAPZIu.o
 .debug_macro   0x00016ba6       0x22 C:\Users\Luke\AppData\Local\Temp\ccbAPZIu.o
 .debug_macro   0x00016bc8       0x52 C:\Users\Luke\AppData\Local\Temp\ccbAPZIu.o
 .debug_macro   0x00016c1a       0x1e C:\Users\Luke\AppData\Local\Temp\ccbAPZIu.o
 .debug_macro   0x00016c38       0x3c C:\Users\Luke\AppData\Local\Temp\ccbAPZIu.o
 .debug_macro   0x00016c74       0x34 C:\Users\Luke\AppData\Local\Temp\ccbAPZIu.o
 .debug_macro   0x00016ca8       0x16 C:\Users\Luke\AppData\Local\Temp\ccbAPZIu.o
 .debug_macro   0x00016cbe       0x97 C:\Users\Luke\AppData\Local\Temp\ccbAPZIu.o
 .debug_macro   0x00016d55      0x341 C:\Users\Luke\AppData\Local\Temp\ccbAPZIu.o
 .debug_macro   0x00017096       0xfd C:\Users\Luke\AppData\Local\Temp\ccbAPZIu.o
 .debug_macro   0x00017193       0x10 C:\Users\Luke\AppData\Local\Temp\ccbAPZIu.o
 .debug_macro   0x000171a3       0x16 C:\Users\Luke\AppData\Local\Temp\ccbAPZIu.o
 .debug_macro   0x000171b9       0x43 C:\Users\Luke\AppData\Local\Temp\ccbAPZIu.o
 .debug_macro   0x000171fc       0x34 C:\Users\Luke\AppData\Local\Temp\ccbAPZIu.o
 .debug_macro   0x00017230       0x10 C:\Users\Luke\AppData\Local\Temp\ccbAPZIu.o
 .debug_macro   0x00017240       0x58 C:\Users\Luke\AppData\Local\Temp\ccbAPZIu.o
 .debug_macro   0x00017298       0x71 C:\Users\Luke\AppData\Local\Temp\ccbAPZIu.o
 .debug_macro   0x00017309       0x1c C:\Users\Luke\AppData\Local\Temp\ccbAPZIu.o
 .debug_macro   0x00017325      0x12a C:\Users\Luke\AppData\Local\Temp\ccbAPZIu.o
 .debug_macro   0x0001744f       0x10 C:\Users\Luke\AppData\Local\Temp\ccbAPZIu.o
 .debug_macro   0x0001745f       0x1c C:\Users\Luke\AppData\Local\Temp\ccbAPZIu.o
 .debug_macro   0x0001747b       0x52 C:\Users\Luke\AppData\Local\Temp\ccbAPZIu.o
 .debug_macro   0x000174cd       0x22 C:\Users\Luke\AppData\Local\Temp\ccbAPZIu.o
 .debug_macro   0x000174ef       0x10 C:\Users\Luke\AppData\Local\Temp\ccbAPZIu.o
 .debug_macro   0x000174ff       0x52 C:\Users\Luke\AppData\Local\Temp\ccbAPZIu.o
 .debug_macro   0x00017551       0xd5 C:\Users\Luke\AppData\Local\Temp\ccbAPZIu.o
 .debug_macro   0x00017626       0x1c C:\Users\Luke\AppData\Local\Temp\ccbAPZIu.o
 .debug_macro   0x00017642       0x3d C:\Users\Luke\AppData\Local\Temp\ccbAPZIu.o
 .debug_macro   0x0001767f       0x16 C:\Users\Luke\AppData\Local\Temp\ccbAPZIu.o
 .debug_macro   0x00017695      0x145 C:\Users\Luke\AppData\Local\Temp\ccbAPZIu.o
 .debug_macro   0x000177da       0x16 C:\Users\Luke\AppData\Local\Temp\ccbAPZIu.o
 .debug_macro   0x000177f0       0x35 C:\Users\Luke\AppData\Local\Temp\ccbAPZIu.o
 .debug_macro   0x00017825       0x4d C:\Users\Luke\AppData\Local\Temp\ccbAPZIu.o
 .debug_macro   0x00017872       0x16 C:\Users\Luke\AppData\Local\Temp\ccbAPZIu.o
 .debug_macro   0x00017888       0x16 C:\Users\Luke\AppData\Local\Temp\ccbAPZIu.o
 .debug_macro   0x0001789e       0x29 C:\Users\Luke\AppData\Local\Temp\ccbAPZIu.o
 .debug_macro   0x000178c7      0x28d C:\Users\Luke\AppData\Local\Temp\ccKL91ZW.o
 .debug_macro   0x00017b54       0x4c C:\Users\Luke\AppData\Local\Temp\ccKL91ZW.o
 .debug_macro   0x00017ba0       0x94 C:\Users\Luke\AppData\Local\Temp\ccKL91ZW.o
 .debug_macro   0x00017c34       0x57 C:\Users\Luke\AppData\Local\Temp\ccKL91ZW.o
 .debug_macro   0x00017c8b      0x174 C:\Users\Luke\AppData\Local\Temp\ccKL91ZW.o
 .debug_macro   0x00017dff       0x10 C:\Users\Luke\AppData\Local\Temp\ccKL91ZW.o
 .debug_macro   0x00017e0f       0x10 C:\Users\Luke\AppData\Local\Temp\ccKL91ZW.o
 .debug_macro   0x00017e1f       0x10 C:\Users\Luke\AppData\Local\Temp\ccKL91ZW.o
 .debug_macro   0x00017e2f       0x35 C:\Users\Luke\AppData\Local\Temp\ccKL91ZW.o
 .debug_macro   0x00017e64      0x12c C:\Users\Luke\AppData\Local\Temp\ccKL91ZW.o
 .debug_macro   0x00017f90       0x1c C:\Users\Luke\AppData\Local\Temp\ccKL91ZW.o
 .debug_macro   0x00017fac       0x10 C:\Users\Luke\AppData\Local\Temp\ccKL91ZW.o
 .debug_macro   0x00017fbc      0x298 C:\Users\Luke\AppData\Local\Temp\ccFmfd1J.o
 .debug_macro   0x00018254      0x10e C:\Users\Luke\AppData\Local\Temp\ccFmfd1J.o
 .debug_macro   0x00018362       0x8d C:\Users\Luke\AppData\Local\Temp\ccFmfd1J.o

.debug_line     0x00000000     0x16e2
 .debug_line    0x00000000      0x850 C:\Users\Luke\AppData\Local\Temp\ccbAPZIu.o
 .debug_line    0x00000850      0x6cb C:\Users\Luke\AppData\Local\Temp\ccKL91ZW.o
 .debug_line    0x00000f1b      0x733 C:\Users\Luke\AppData\Local\Temp\ccFmfd1J.o
 .debug_line    0x0000164e       0x94 C:\Users\Luke\AppData\Local\Temp\cc0sMHPB.o

.debug_str      0x00000000    0x80cae
 .debug_str     0x00000000    0x804e7 C:\Users\Luke\AppData\Local\Temp\ccbAPZIu.o
                              0x807ce (size before relaxing)
 .debug_str     0x000804e7      0x6e8 C:\Users\Luke\AppData\Local\Temp\ccKL91ZW.o
                              0x80556 (size before relaxing)
 .debug_str     0x00080bcf       0x9d C:\Users\Luke\AppData\Local\Temp\ccFmfd1J.o
                              0x7ffe5 (size before relaxing)
 .debug_str     0x00080c6c       0x42 C:\Users\Luke\AppData\Local\Temp\cc0sMHPB.o
                                 0x9d (size before relaxing)

.comment        0x00000000       0x49
 .comment       0x00000000       0x49 C:\Users\Luke\AppData\Local\Temp\ccbAPZIu.o
                                 0x4a (size before relaxing)
 .comment       0x00000049       0x4a C:\Users\Luke\AppData\Local\Temp\ccKL91ZW.o
 .comment       0x00000049       0x4a C:\Users\Luke\AppData\Local\Temp\ccFmfd1J.o

.ARM.attributes
                0x00000000       0x32
 .ARM.attributes
                0x00000000       0x34 C:\Users\Luke\AppData\Local\Temp\ccbAPZIu.o
 .ARM.attributes
                0x00000034       0x34 C:\Users\Luke\AppData\Local\Temp\ccKL91ZW.o
 .ARM.attributes
                0x00000068       0x34 C:\Users\Luke\AppData\Local\Temp\ccFmfd1J.o
 .ARM.attributes
                0x0000009c       0x21 C:\Users\Luke\AppData\Local\Temp\cc0sMHPB.o
 .ARM.attributes
                0x000000bd       0x34 c:/program files (x86)/gnu arm embedded toolchain/10 2021.10/bin/../lib/gcc/arm-none-eabi/10.3.1/../../../../arm-none-eabi/lib/thumb/v7e-m+fp/hard\libc_nano.a(lib_a-atof.o)
 .ARM.attributes
                0x000000f1       0x34 c:/program files (x86)/gnu arm embedded toolchain/10 2021.10/bin/../lib/gcc/arm-none-eabi/10.3.1/../../../../arm-none-eabi/lib/thumb/v7e-m+fp/hard\libc_nano.a(lib_a-init.o)
 .ARM.attributes
                0x00000125       0x34 c:/program files (x86)/gnu arm embedded toolchain/10 2021.10/bin/../lib/gcc/arm-none-eabi/10.3.1/../../../../arm-none-eabi/lib/thumb/v7e-m+fp/hard\libc_nano.a(lib_a-malloc.o)
 .ARM.attributes
                0x00000159       0x34 c:/program files (x86)/gnu arm embedded toolchain/10 2021.10/bin/../lib/gcc/arm-none-eabi/10.3.1/../../../../arm-none-eabi/lib/thumb/v7e-m+fp/hard\libc_nano.a(lib_a-nano-freer.o)
 .ARM.attributes
                0x0000018d       0x34 c:/program files (x86)/gnu arm embedded toolchain/10 2021.10/bin/../lib/gcc/arm-none-eabi/10.3.1/../../../../arm-none-eabi/lib/thumb/v7e-m+fp/hard\libc_nano.a(lib_a-nano-mallocr.o)
 .ARM.attributes
                0x000001c1       0x34 c:/program files (x86)/gnu arm embedded toolchain/10 2021.10/bin/../lib/gcc/arm-none-eabi/10.3.1/../../../../arm-none-eabi/lib/thumb/v7e-m+fp/hard\libc_nano.a(lib_a-printf.o)
 .ARM.attributes
                0x000001f5       0x34 c:/program files (x86)/gnu arm embedded toolchain/10 2021.10/bin/../lib/gcc/arm-none-eabi/10.3.1/../../../../arm-none-eabi/lib/thumb/v7e-m+fp/hard\libc_nano.a(lib_a-puts.o)
 .ARM.attributes
                0x00000229       0x34 c:/program files (x86)/gnu arm embedded toolchain/10 2021.10/bin/../lib/gcc/arm-none-eabi/10.3.1/../../../../arm-none-eabi/lib/thumb/v7e-m+fp/hard\libc_nano.a(lib_a-sbrkr.o)
 .ARM.attributes
                0x0000025d       0x34 c:/program files (x86)/gnu arm embedded toolchain/10 2021.10/bin/../lib/gcc/arm-none-eabi/10.3.1/../../../../arm-none-eabi/lib/thumb/v7e-m+fp/hard\libc_nano.a(lib_a-strncmp.o)
 .ARM.attributes
                0x00000291       0x34 c:/program files (x86)/gnu arm embedded toolchain/10 2021.10/bin/../lib/gcc/arm-none-eabi/10.3.1/../../../../arm-none-eabi/lib/thumb/v7e-m+fp/hard\libc_nano.a(lib_a-strncpy.o)
 .ARM.attributes
                0x000002c5       0x34 c:/program files (x86)/gnu arm embedded toolchain/10 2021.10/bin/../lib/gcc/arm-none-eabi/10.3.1/../../../../arm-none-eabi/lib/thumb/v7e-m+fp/hard\libc_nano.a(lib_a-strtod.o)
 .ARM.attributes
                0x000002f9       0x34 c:/program files (x86)/gnu arm embedded toolchain/10 2021.10/bin/../lib/gcc/arm-none-eabi/10.3.1/../../../../arm-none-eabi/lib/thumb/v7e-m+fp/hard\libc_nano.a(lib_a-wbuf.o)
 .ARM.attributes
                0x0000032d       0x34 c:/program files (x86)/gnu arm embedded toolchain/10 2021.10/bin/../lib/gcc/arm-none-eabi/10.3.1/../../../../arm-none-eabi/lib/thumb/v7e-m+fp/hard\libc_nano.a(lib_a-wsetup.o)
 .ARM.attributes
                0x00000361       0x34 c:/program files (x86)/gnu arm embedded toolchain/10 2021.10/bin/../lib/gcc/arm-none-eabi/10.3.1/../../../../arm-none-eabi/lib/thumb/v7e-m+fp/hard\libc_nano.a(lib_a-fflush.o)
 .ARM.attributes
                0x00000395       0x34 c:/program files (x86)/gnu arm embedded toolchain/10 2021.10/bin/../lib/gcc/arm-none-eabi/10.3.1/../../../../arm-none-eabi/lib/thumb/v7e-m+fp/hard\libc_nano.a(lib_a-findfp.o)
 .ARM.attributes
                0x000003c9       0x34 c:/program files (x86)/gnu arm embedded toolchain/10 2021.10/bin/../lib/gcc/arm-none-eabi/10.3.1/../../../../arm-none-eabi/lib/thumb/v7e-m+fp/hard\libc_nano.a(lib_a-fwalk.o)
 .ARM.attributes
                0x000003fd       0x34 c:/program files (x86)/gnu arm embedded toolchain/10 2021.10/bin/../lib/gcc/arm-none-eabi/10.3.1/../../../../arm-none-eabi/lib/thumb/v7e-m+fp/hard\libc_nano.a(lib_a-gdtoa-gethex.o)
 .ARM.attributes
                0x00000431       0x34 c:/program files (x86)/gnu arm embedded toolchain/10 2021.10/bin/../lib/gcc/arm-none-eabi/10.3.1/../../../../arm-none-eabi/lib/thumb/v7e-m+fp/hard\libc_nano.a(lib_a-gdtoa-hexnan.o)
 .ARM.attributes
                0x00000465       0x34 c:/program files (x86)/gnu arm embedded toolchain/10 2021.10/bin/../lib/gcc/arm-none-eabi/10.3.1/../../../../arm-none-eabi/lib/thumb/v7e-m+fp/hard\libc_nano.a(lib_a-impure.o)
 .ARM.attributes
                0x00000499       0x34 c:/program files (x86)/gnu arm embedded toolchain/10 2021.10/bin/../lib/gcc/arm-none-eabi/10.3.1/../../../../arm-none-eabi/lib/thumb/v7e-m+fp/hard\libc_nano.a(lib_a-lnumeric.o)
 .ARM.attributes
                0x000004cd       0x34 c:/program files (x86)/gnu arm embedded toolchain/10 2021.10/bin/../lib/gcc/arm-none-eabi/10.3.1/../../../../arm-none-eabi/lib/thumb/v7e-m+fp/hard\libc_nano.a(lib_a-locale.o)
 .ARM.attributes
                0x00000501       0x34 c:/program files (x86)/gnu arm embedded toolchain/10 2021.10/bin/../lib/gcc/arm-none-eabi/10.3.1/../../../../arm-none-eabi/lib/thumb/v7e-m+fp/hard\libc_nano.a(lib_a-lock.o)
 .ARM.attributes
                0x00000535       0x34 c:/program files (x86)/gnu arm embedded toolchain/10 2021.10/bin/../lib/gcc/arm-none-eabi/10.3.1/../../../../arm-none-eabi/lib/thumb/v7e-m+fp/hard\libc_nano.a(lib_a-makebuf.o)
 .ARM.attributes
                0x00000569       0x34 c:/program files (x86)/gnu arm embedded toolchain/10 2021.10/bin/../lib/gcc/arm-none-eabi/10.3.1/../../../../arm-none-eabi/lib/thumb/v7e-m+fp/hard\libc_nano.a(lib_a-mbtowc_r.o)
 .ARM.attributes
                0x0000059d       0x34 c:/program files (x86)/gnu arm embedded toolchain/10 2021.10/bin/../lib/gcc/arm-none-eabi/10.3.1/../../../../arm-none-eabi/lib/thumb/v7e-m+fp/hard\libc_nano.a(lib_a-memcpy-stub.o)
 .ARM.attributes
                0x000005d1       0x34 c:/program files (x86)/gnu arm embedded toolchain/10 2021.10/bin/../lib/gcc/arm-none-eabi/10.3.1/../../../../arm-none-eabi/lib/thumb/v7e-m+fp/hard\libc_nano.a(lib_a-memset.o)
 .ARM.attributes
                0x00000605       0x34 c:/program files (x86)/gnu arm embedded toolchain/10 2021.10/bin/../lib/gcc/arm-none-eabi/10.3.1/../../../../arm-none-eabi/lib/thumb/v7e-m+fp/hard\libc_nano.a(lib_a-mlock.o)
 .ARM.attributes
                0x00000639       0x34 c:/program files (x86)/gnu arm embedded toolchain/10 2021.10/bin/../lib/gcc/arm-none-eabi/10.3.1/../../../../arm-none-eabi/lib/thumb/v7e-m+fp/hard\libc_nano.a(lib_a-mprec.o)
 .ARM.attributes
                0x0000066d       0x34 c:/program files (x86)/gnu arm embedded toolchain/10 2021.10/bin/../lib/gcc/arm-none-eabi/10.3.1/../../../../arm-none-eabi/lib/thumb/v7e-m+fp/hard\libc_nano.a(lib_a-nano-callocr.o)
 .ARM.attributes
                0x000006a1       0x34 c:/program files (x86)/gnu arm embedded toolchain/10 2021.10/bin/../lib/gcc/arm-none-eabi/10.3.1/../../../../arm-none-eabi/lib/thumb/v7e-m+fp/hard\libc_nano.a(lib_a-nano-vfprintf.o)
 .ARM.attributes
                0x000006d5       0x34 c:/program files (x86)/gnu arm embedded toolchain/10 2021.10/bin/../lib/gcc/arm-none-eabi/10.3.1/../../../../arm-none-eabi/lib/thumb/v7e-m+fp/hard\libc_nano.a(lib_a-nano-vfprintf_i.o)
 .ARM.attributes
                0x00000709       0x34 c:/program files (x86)/gnu arm embedded toolchain/10 2021.10/bin/../lib/gcc/arm-none-eabi/10.3.1/../../../../arm-none-eabi/lib/thumb/v7e-m+fp/hard\libc_nano.a(lib_a-reent.o)
 .ARM.attributes
                0x0000073d       0x34 c:/program files (x86)/gnu arm embedded toolchain/10 2021.10/bin/../lib/gcc/arm-none-eabi/10.3.1/../../../../arm-none-eabi/lib/thumb/v7e-m+fp/hard\libc_nano.a(lib_a-s_nan.o)
 .ARM.attributes
                0x00000771       0x34 c:/program files (x86)/gnu arm embedded toolchain/10 2021.10/bin/../lib/gcc/arm-none-eabi/10.3.1/../../../../arm-none-eabi/lib/thumb/v7e-m+fp/hard\libc_nano.a(lib_a-stdio.o)
 .ARM.attributes
                0x000007a5       0x17 c:/program files (x86)/gnu arm embedded toolchain/10 2021.10/bin/../lib/gcc/arm-none-eabi/10.3.1/../../../../arm-none-eabi/lib/thumb/v7e-m+fp/hard\libc_nano.a(lib_a-strlen.o)
 .ARM.attributes
                0x000007bc       0x34 c:/program files (x86)/gnu arm embedded toolchain/10 2021.10/bin/../lib/gcc/arm-none-eabi/10.3.1/../../../../arm-none-eabi/lib/thumb/v7e-m+fp/hard\libc_nano.a(lib_a-wctomb_r.o)
 .ARM.attributes
                0x000007f0       0x34 c:/program files (x86)/gnu arm embedded toolchain/10 2021.10/bin/../lib/gcc/arm-none-eabi/10.3.1/../../../../arm-none-eabi/lib/thumb/v7e-m+fp/hard\libc_nano.a(lib_a-writer.o)
 .ARM.attributes
                0x00000824       0x34 c:/program files (x86)/gnu arm embedded toolchain/10 2021.10/bin/../lib/gcc/arm-none-eabi/10.3.1/../../../../arm-none-eabi/lib/thumb/v7e-m+fp/hard\libc_nano.a(lib_a-assert.o)
 .ARM.attributes
                0x00000858       0x34 c:/program files (x86)/gnu arm embedded toolchain/10 2021.10/bin/../lib/gcc/arm-none-eabi/10.3.1/../../../../arm-none-eabi/lib/thumb/v7e-m+fp/hard\libc_nano.a(lib_a-closer.o)
 .ARM.attributes
                0x0000088c       0x34 c:/program files (x86)/gnu arm embedded toolchain/10 2021.10/bin/../lib/gcc/arm-none-eabi/10.3.1/../../../../arm-none-eabi/lib/thumb/v7e-m+fp/hard\libc_nano.a(lib_a-ctype_.o)
 .ARM.attributes
                0x000008c0       0x34 c:/program files (x86)/gnu arm embedded toolchain/10 2021.10/bin/../lib/gcc/arm-none-eabi/10.3.1/../../../../arm-none-eabi/lib/thumb/v7e-m+fp/hard\libc_nano.a(lib_a-fprintf.o)
 .ARM.attributes
                0x000008f4       0x34 c:/program files (x86)/gnu arm embedded toolchain/10 2021.10/bin/../lib/gcc/arm-none-eabi/10.3.1/../../../../arm-none-eabi/lib/thumb/v7e-m+fp/hard\libc_nano.a(lib_a-fstatr.o)
 .ARM.attributes
                0x00000928       0x34 c:/program files (x86)/gnu arm embedded toolchain/10 2021.10/bin/../lib/gcc/arm-none-eabi/10.3.1/../../../../arm-none-eabi/lib/thumb/v7e-m+fp/hard\libc_nano.a(lib_a-isattyr.o)
 .ARM.attributes
                0x0000095c       0x34 c:/program files (x86)/gnu arm embedded toolchain/10 2021.10/bin/../lib/gcc/arm-none-eabi/10.3.1/../../../../arm-none-eabi/lib/thumb/v7e-m+fp/hard\libc_nano.a(lib_a-lseekr.o)
 .ARM.attributes
                0x00000990       0x1c c:/program files (x86)/gnu arm embedded toolchain/10 2021.10/bin/../lib/gcc/arm-none-eabi/10.3.1/../../../../arm-none-eabi/lib/thumb/v7e-m+fp/hard\libc_nano.a(lib_a-memchr.o)
 .ARM.attributes
                0x000009ac       0x34 c:/program files (x86)/gnu arm embedded toolchain/10 2021.10/bin/../lib/gcc/arm-none-eabi/10.3.1/../../../../arm-none-eabi/lib/thumb/v7e-m+fp/hard\libc_nano.a(lib_a-readr.o)
 .ARM.attributes
                0x000009e0       0x34 c:/program files (x86)/gnu arm embedded toolchain/10 2021.10/bin/../lib/gcc/arm-none-eabi/10.3.1/../../../../arm-none-eabi/lib/thumb/v7e-m+fp/hard\libc_nano.a(lib_a-abort.o)
 .ARM.attributes
                0x00000a14       0x34 c:/program files (x86)/gnu arm embedded toolchain/10 2021.10/bin/../lib/gcc/arm-none-eabi/10.3.1/../../../../arm-none-eabi/lib/thumb/v7e-m+fp/hard\libc_nano.a(lib_a-signal.o)
 .ARM.attributes
                0x00000a48       0x34 c:/program files (x86)/gnu arm embedded toolchain/10 2021.10/bin/../lib/gcc/arm-none-eabi/10.3.1/../../../../arm-none-eabi/lib/thumb/v7e-m+fp/hard\libc_nano.a(lib_a-signalr.o)
 .ARM.attributes
                0x00000a7c       0x1e c:/program files (x86)/gnu arm embedded toolchain/10 2021.10/bin/../lib/gcc/arm-none-eabi/10.3.1/thumb/v7e-m+fp/hard\libgcc.a(_arm_addsubdf3.o)
 .ARM.attributes
                0x00000a9a       0x1e c:/program files (x86)/gnu arm embedded toolchain/10 2021.10/bin/../lib/gcc/arm-none-eabi/10.3.1/thumb/v7e-m+fp/hard\libgcc.a(_arm_muldivdf3.o)
 .ARM.attributes
                0x00000ab8       0x1e c:/program files (x86)/gnu arm embedded toolchain/10 2021.10/bin/../lib/gcc/arm-none-eabi/10.3.1/thumb/v7e-m+fp/hard\libgcc.a(_arm_cmpdf2.o)
 .ARM.attributes
                0x00000ad6       0x1e c:/program files (x86)/gnu arm embedded toolchain/10 2021.10/bin/../lib/gcc/arm-none-eabi/10.3.1/thumb/v7e-m+fp/hard\libgcc.a(_arm_fixunsdfsi.o)
 .ARM.attributes
                0x00000af4       0x34 c:/program files (x86)/gnu arm embedded toolchain/10 2021.10/bin/../lib/gcc/arm-none-eabi/10.3.1/thumb/v7e-m+fp/hard\libgcc.a(_fixdfdi.o)
 .ARM.attributes
                0x00000b28       0x34 c:/program files (x86)/gnu arm embedded toolchain/10 2021.10/bin/../lib/gcc/arm-none-eabi/10.3.1/thumb/v7e-m+fp/hard\libgcc.a(_fixunsdfdi.o)

.debug_frame    0x00000000     0x1530
 .debug_frame   0x00000000       0xb4 C:\Users\Luke\AppData\Local\Temp\ccbAPZIu.o
 .debug_frame   0x000000b4      0x118 C:\Users\Luke\AppData\Local\Temp\ccKL91ZW.o
 .debug_frame   0x000001cc       0x80 C:\Users\Luke\AppData\Local\Temp\ccFmfd1J.o
 .debug_frame   0x0000024c       0x20 c:/program files (x86)/gnu arm embedded toolchain/10 2021.10/bin/../lib/gcc/arm-none-eabi/10.3.1/../../../../arm-none-eabi/lib/thumb/v7e-m+fp/hard\libc_nano.a(lib_a-atof.o)
 .debug_frame   0x0000026c       0x2c c:/program files (x86)/gnu arm embedded toolchain/10 2021.10/bin/../lib/gcc/arm-none-eabi/10.3.1/../../../../arm-none-eabi/lib/thumb/v7e-m+fp/hard\libc_nano.a(lib_a-init.o)
 .debug_frame   0x00000298       0x30 c:/program files (x86)/gnu arm embedded toolchain/10 2021.10/bin/../lib/gcc/arm-none-eabi/10.3.1/../../../../arm-none-eabi/lib/thumb/v7e-m+fp/hard\libc_nano.a(lib_a-malloc.o)
 .debug_frame   0x000002c8       0x38 c:/program files (x86)/gnu arm embedded toolchain/10 2021.10/bin/../lib/gcc/arm-none-eabi/10.3.1/../../../../arm-none-eabi/lib/thumb/v7e-m+fp/hard\libc_nano.a(lib_a-nano-freer.o)
 .debug_frame   0x00000300       0x4c c:/program files (x86)/gnu arm embedded toolchain/10 2021.10/bin/../lib/gcc/arm-none-eabi/10.3.1/../../../../arm-none-eabi/lib/thumb/v7e-m+fp/hard\libc_nano.a(lib_a-nano-mallocr.o)
 .debug_frame   0x0000034c       0x74 c:/program files (x86)/gnu arm embedded toolchain/10 2021.10/bin/../lib/gcc/arm-none-eabi/10.3.1/../../../../arm-none-eabi/lib/thumb/v7e-m+fp/hard\libc_nano.a(lib_a-printf.o)
 .debug_frame   0x000003c0       0x3c c:/program files (x86)/gnu arm embedded toolchain/10 2021.10/bin/../lib/gcc/arm-none-eabi/10.3.1/../../../../arm-none-eabi/lib/thumb/v7e-m+fp/hard\libc_nano.a(lib_a-puts.o)
 .debug_frame   0x000003fc       0x2c c:/program files (x86)/gnu arm embedded toolchain/10 2021.10/bin/../lib/gcc/arm-none-eabi/10.3.1/../../../../arm-none-eabi/lib/thumb/v7e-m+fp/hard\libc_nano.a(lib_a-sbrkr.o)
 .debug_frame   0x00000428       0x28 c:/program files (x86)/gnu arm embedded toolchain/10 2021.10/bin/../lib/gcc/arm-none-eabi/10.3.1/../../../../arm-none-eabi/lib/thumb/v7e-m+fp/hard\libc_nano.a(lib_a-strncmp.o)
 .debug_frame   0x00000450       0x28 c:/program files (x86)/gnu arm embedded toolchain/10 2021.10/bin/../lib/gcc/arm-none-eabi/10.3.1/../../../../arm-none-eabi/lib/thumb/v7e-m+fp/hard\libc_nano.a(lib_a-strncpy.o)
 .debug_frame   0x00000478      0x12c c:/program files (x86)/gnu arm embedded toolchain/10 2021.10/bin/../lib/gcc/arm-none-eabi/10.3.1/../../../../arm-none-eabi/lib/thumb/v7e-m+fp/hard\libc_nano.a(lib_a-strtod.o)
 .debug_frame   0x000005a4       0x40 c:/program files (x86)/gnu arm embedded toolchain/10 2021.10/bin/../lib/gcc/arm-none-eabi/10.3.1/../../../../arm-none-eabi/lib/thumb/v7e-m+fp/hard\libc_nano.a(lib_a-wbuf.o)
 .debug_frame   0x000005e4       0x2c c:/program files (x86)/gnu arm embedded toolchain/10 2021.10/bin/../lib/gcc/arm-none-eabi/10.3.1/../../../../arm-none-eabi/lib/thumb/v7e-m+fp/hard\libc_nano.a(lib_a-wsetup.o)
 .debug_frame   0x00000610       0x5c c:/program files (x86)/gnu arm embedded toolchain/10 2021.10/bin/../lib/gcc/arm-none-eabi/10.3.1/../../../../arm-none-eabi/lib/thumb/v7e-m+fp/hard\libc_nano.a(lib_a-fflush.o)
 .debug_frame   0x0000066c      0x14c c:/program files (x86)/gnu arm embedded toolchain/10 2021.10/bin/../lib/gcc/arm-none-eabi/10.3.1/../../../../arm-none-eabi/lib/thumb/v7e-m+fp/hard\libc_nano.a(lib_a-findfp.o)
 .debug_frame   0x000007b8       0x54 c:/program files (x86)/gnu arm embedded toolchain/10 2021.10/bin/../lib/gcc/arm-none-eabi/10.3.1/../../../../arm-none-eabi/lib/thumb/v7e-m+fp/hard\libc_nano.a(lib_a-fwalk.o)
 .debug_frame   0x0000080c       0x84 c:/program files (x86)/gnu arm embedded toolchain/10 2021.10/bin/../lib/gcc/arm-none-eabi/10.3.1/../../../../arm-none-eabi/lib/thumb/v7e-m+fp/hard\libc_nano.a(lib_a-gdtoa-gethex.o)
 .debug_frame   0x00000890       0x74 c:/program files (x86)/gnu arm embedded toolchain/10 2021.10/bin/../lib/gcc/arm-none-eabi/10.3.1/../../../../arm-none-eabi/lib/thumb/v7e-m+fp/hard\libc_nano.a(lib_a-gdtoa-hexnan.o)
 .debug_frame   0x00000904       0x20 c:/program files (x86)/gnu arm embedded toolchain/10 2021.10/bin/../lib/gcc/arm-none-eabi/10.3.1/../../../../arm-none-eabi/lib/thumb/v7e-m+fp/hard\libc_nano.a(lib_a-lnumeric.o)
 .debug_frame   0x00000924       0x48 c:/program files (x86)/gnu arm embedded toolchain/10 2021.10/bin/../lib/gcc/arm-none-eabi/10.3.1/../../../../arm-none-eabi/lib/thumb/v7e-m+fp/hard\libc_nano.a(lib_a-locale.o)
 .debug_frame   0x0000096c       0xb0 c:/program files (x86)/gnu arm embedded toolchain/10 2021.10/bin/../lib/gcc/arm-none-eabi/10.3.1/../../../../arm-none-eabi/lib/thumb/v7e-m+fp/hard\libc_nano.a(lib_a-lock.o)
 .debug_frame   0x00000a1c       0x58 c:/program files (x86)/gnu arm embedded toolchain/10 2021.10/bin/../lib/gcc/arm-none-eabi/10.3.1/../../../../arm-none-eabi/lib/thumb/v7e-m+fp/hard\libc_nano.a(lib_a-makebuf.o)
 .debug_frame   0x00000a74       0x48 c:/program files (x86)/gnu arm embedded toolchain/10 2021.10/bin/../lib/gcc/arm-none-eabi/10.3.1/../../../../arm-none-eabi/lib/thumb/v7e-m+fp/hard\libc_nano.a(lib_a-mbtowc_r.o)
 .debug_frame   0x00000abc       0x28 c:/program files (x86)/gnu arm embedded toolchain/10 2021.10/bin/../lib/gcc/arm-none-eabi/10.3.1/../../../../arm-none-eabi/lib/thumb/v7e-m+fp/hard\libc_nano.a(lib_a-memcpy-stub.o)
 .debug_frame   0x00000ae4       0x20 c:/program files (x86)/gnu arm embedded toolchain/10 2021.10/bin/../lib/gcc/arm-none-eabi/10.3.1/../../../../arm-none-eabi/lib/thumb/v7e-m+fp/hard\libc_nano.a(lib_a-memset.o)
 .debug_frame   0x00000b04       0x30 c:/program files (x86)/gnu arm embedded toolchain/10 2021.10/bin/../lib/gcc/arm-none-eabi/10.3.1/../../../../arm-none-eabi/lib/thumb/v7e-m+fp/hard\libc_nano.a(lib_a-mlock.o)
 .debug_frame   0x00000b34      0x25c c:/program files (x86)/gnu arm embedded toolchain/10 2021.10/bin/../lib/gcc/arm-none-eabi/10.3.1/../../../../arm-none-eabi/lib/thumb/v7e-m+fp/hard\libc_nano.a(lib_a-mprec.o)
 .debug_frame   0x00000d90       0x30 c:/program files (x86)/gnu arm embedded toolchain/10 2021.10/bin/../lib/gcc/arm-none-eabi/10.3.1/../../../../arm-none-eabi/lib/thumb/v7e-m+fp/hard\libc_nano.a(lib_a-nano-callocr.o)
 .debug_frame   0x00000dc0       0xac c:/program files (x86)/gnu arm embedded toolchain/10 2021.10/bin/../lib/gcc/arm-none-eabi/10.3.1/../../../../arm-none-eabi/lib/thumb/v7e-m+fp/hard\libc_nano.a(lib_a-nano-vfprintf.o)
 .debug_frame   0x00000e6c       0x60 c:/program files (x86)/gnu arm embedded toolchain/10 2021.10/bin/../lib/gcc/arm-none-eabi/10.3.1/../../../../arm-none-eabi/lib/thumb/v7e-m+fp/hard\libc_nano.a(lib_a-nano-vfprintf_i.o)
 .debug_frame   0x00000ecc       0x5c c:/program files (x86)/gnu arm embedded toolchain/10 2021.10/bin/../lib/gcc/arm-none-eabi/10.3.1/../../../../arm-none-eabi/lib/thumb/v7e-m+fp/hard\libc_nano.a(lib_a-reent.o)
 .debug_frame   0x00000f28       0x20 c:/program files (x86)/gnu arm embedded toolchain/10 2021.10/bin/../lib/gcc/arm-none-eabi/10.3.1/../../../../arm-none-eabi/lib/thumb/v7e-m+fp/hard\libc_nano.a(lib_a-s_nan.o)
 .debug_frame   0x00000f48       0x88 c:/program files (x86)/gnu arm embedded toolchain/10 2021.10/bin/../lib/gcc/arm-none-eabi/10.3.1/../../../../arm-none-eabi/lib/thumb/v7e-m+fp/hard\libc_nano.a(lib_a-stdio.o)
 .debug_frame   0x00000fd0       0x3c c:/program files (x86)/gnu arm embedded toolchain/10 2021.10/bin/../lib/gcc/arm-none-eabi/10.3.1/../../../../arm-none-eabi/lib/thumb/v7e-m+fp/hard\libc_nano.a(lib_a-wctomb_r.o)
 .debug_frame   0x0000100c       0x2c c:/program files (x86)/gnu arm embedded toolchain/10 2021.10/bin/../lib/gcc/arm-none-eabi/10.3.1/../../../../arm-none-eabi/lib/thumb/v7e-m+fp/hard\libc_nano.a(lib_a-writer.o)
 .debug_frame   0x00001038       0x40 c:/program files (x86)/gnu arm embedded toolchain/10 2021.10/bin/../lib/gcc/arm-none-eabi/10.3.1/../../../../arm-none-eabi/lib/thumb/v7e-m+fp/hard\libc_nano.a(lib_a-assert.o)
 .debug_frame   0x00001078       0x2c c:/program files (x86)/gnu arm embedded toolchain/10 2021.10/bin/../lib/gcc/arm-none-eabi/10.3.1/../../../../arm-none-eabi/lib/thumb/v7e-m+fp/hard\libc_nano.a(lib_a-closer.o)
 .debug_frame   0x000010a4       0x64 c:/program files (x86)/gnu arm embedded toolchain/10 2021.10/bin/../lib/gcc/arm-none-eabi/10.3.1/../../../../arm-none-eabi/lib/thumb/v7e-m+fp/hard\libc_nano.a(lib_a-fprintf.o)
 .debug_frame   0x00001108       0x2c c:/program files (x86)/gnu arm embedded toolchain/10 2021.10/bin/../lib/gcc/arm-none-eabi/10.3.1/../../../../arm-none-eabi/lib/thumb/v7e-m+fp/hard\libc_nano.a(lib_a-fstatr.o)
 .debug_frame   0x00001134       0x2c c:/program files (x86)/gnu arm embedded toolchain/10 2021.10/bin/../lib/gcc/arm-none-eabi/10.3.1/../../../../arm-none-eabi/lib/thumb/v7e-m+fp/hard\libc_nano.a(lib_a-isattyr.o)
 .debug_frame   0x00001160       0x2c c:/program files (x86)/gnu arm embedded toolchain/10 2021.10/bin/../lib/gcc/arm-none-eabi/10.3.1/../../../../arm-none-eabi/lib/thumb/v7e-m+fp/hard\libc_nano.a(lib_a-lseekr.o)
 .debug_frame   0x0000118c       0x2c c:/program files (x86)/gnu arm embedded toolchain/10 2021.10/bin/../lib/gcc/arm-none-eabi/10.3.1/../../../../arm-none-eabi/lib/thumb/v7e-m+fp/hard\libc_nano.a(lib_a-readr.o)
 .debug_frame   0x000011b8       0x28 c:/program files (x86)/gnu arm embedded toolchain/10 2021.10/bin/../lib/gcc/arm-none-eabi/10.3.1/../../../../arm-none-eabi/lib/thumb/v7e-m+fp/hard\libc_nano.a(lib_a-abort.o)
 .debug_frame   0x000011e0       0xcc c:/program files (x86)/gnu arm embedded toolchain/10 2021.10/bin/../lib/gcc/arm-none-eabi/10.3.1/../../../../arm-none-eabi/lib/thumb/v7e-m+fp/hard\libc_nano.a(lib_a-signal.o)
 .debug_frame   0x000012ac       0x3c c:/program files (x86)/gnu arm embedded toolchain/10 2021.10/bin/../lib/gcc/arm-none-eabi/10.3.1/../../../../arm-none-eabi/lib/thumb/v7e-m+fp/hard\libc_nano.a(lib_a-signalr.o)
 .debug_frame   0x000012e8       0xac c:/program files (x86)/gnu arm embedded toolchain/10 2021.10/bin/../lib/gcc/arm-none-eabi/10.3.1/thumb/v7e-m+fp/hard\libgcc.a(_arm_addsubdf3.o)
 .debug_frame   0x00001394       0x50 c:/program files (x86)/gnu arm embedded toolchain/10 2021.10/bin/../lib/gcc/arm-none-eabi/10.3.1/thumb/v7e-m+fp/hard\libgcc.a(_arm_muldivdf3.o)
 .debug_frame   0x000013e4       0xc4 c:/program files (x86)/gnu arm embedded toolchain/10 2021.10/bin/../lib/gcc/arm-none-eabi/10.3.1/thumb/v7e-m+fp/hard\libgcc.a(_arm_cmpdf2.o)
 .debug_frame   0x000014a8       0x24 c:/program files (x86)/gnu arm embedded toolchain/10 2021.10/bin/../lib/gcc/arm-none-eabi/10.3.1/thumb/v7e-m+fp/hard\libgcc.a(_arm_fixunsdfsi.o)
 .debug_frame   0x000014cc       0x38 c:/program files (x86)/gnu arm embedded toolchain/10 2021.10/bin/../lib/gcc/arm-none-eabi/10.3.1/thumb/v7e-m+fp/hard\libgcc.a(_fixdfdi.o)
 .debug_frame   0x00001504       0x2c c:/program files (x86)/gnu arm embedded toolchain/10 2021.10/bin/../lib/gcc/arm-none-eabi/10.3.1/thumb/v7e-m+fp/hard\libgcc.a(_fixunsdfdi.o)
